******************************************************************************
             TMS320C2000 Linker PC v22.6.0                     
******************************************************************************
>> Linked Mon Feb  6 12:05:29 2023

OUTPUT FILE NAME:   <Mo_Test_Sapce.out>
ENTRY POINT SYMBOL: "code_start"  address: 00080000


MEMORY CONFIGURATION

         name            origin    length      used     unused   attr    fill
----------------------  --------  ---------  --------  --------  ----  --------
PAGE 0:
  RAMM0                 000000f6   0000030a  00000000  0000030a  RWIX
  RAMLS0                00008000   00000800  00000128  000006d8  RWIX
  RAMLS1                00008800   00000800  00000000  00000800  RWIX
  RAMLS2                00009000   00000800  00000000  00000800  RWIX
  RAMLS3                00009800   00000800  00000000  00000800  RWIX
  RAMLS4                0000a000   00000800  00000000  00000800  RWIX
  BEGIN                 00080000   00000002  00000002  00000000  RWIX
  FLASH_BANK0_SEC0      00080002   00000ffe  00000000  00000ffe  RWIX
  FLASH_BANK0_SEC1      00081000   00001000  0000013c  00000ec4  RWIX
  FLASH_BANK0_SEC2      00082000   00001000  00000bf0  00000410  RWIX
  FLASH_BANK0_SEC3      00083000   00001000  00000000  00001000  RWIX
  FLASH_BANK0_SEC4      00084000   00001000  00000347  00000cb9  RWIX
  FLASH_BANK0_SEC5      00085000   00001000  00000000  00001000  RWIX
  FLASH_BANK0_SEC6      00086000   00001000  00000000  00001000  RWIX
  FLASH_BANK0_SEC7      00087000   00001000  00000000  00001000  RWIX
  FLASH_BANK0_SEC8      00088000   00001000  00000000  00001000  RWIX
  FLASH_BANK0_SEC9      00089000   00001000  00000000  00001000  RWIX
  FLASH_BANK0_SEC10     0008a000   00001000  00000000  00001000  RWIX
  FLASH_BANK0_SEC11     0008b000   00001000  00000000  00001000  RWIX
  FLASH_BANK0_SEC12     0008c000   00001000  00000000  00001000  RWIX
  FLASH_BANK0_SEC13     0008d000   00001000  00000000  00001000  RWIX
  FLASH_BANK0_SEC14     0008e000   00001000  00000000  00001000  RWIX
  FLASH_BANK0_SEC15     0008f000   00001000  00000000  00001000  RWIX
  FLASH_BANK1_SEC0      00090000   00001000  00000000  00001000  RWIX
  FLASH_BANK1_SEC1      00091000   00001000  00000000  00001000  RWIX
  FLASH_BANK1_SEC2      00092000   00001000  00000000  00001000  RWIX
  FLASH_BANK1_SEC3      00093000   00001000  00000000  00001000  RWIX
  FLASH_BANK1_SEC4      00094000   00001000  00000000  00001000  RWIX
  FLASH_BANK1_SEC5      00095000   00001000  00000000  00001000  RWIX
  FLASH_BANK1_SEC6      00096000   00001000  00000000  00001000  RWIX
  FLASH_BANK1_SEC7      00097000   00001000  00000000  00001000  RWIX
  FLASH_BANK1_SEC8      00098000   00001000  00000000  00001000  RWIX
  FLASH_BANK1_SEC9      00099000   00001000  00000000  00001000  RWIX
  FLASH_BANK1_SEC10     0009a000   00001000  00000000  00001000  RWIX
  FLASH_BANK1_SEC11     0009b000   00001000  00000000  00001000  RWIX
  FLASH_BANK1_SEC12     0009c000   00001000  00000000  00001000  RWIX
  FLASH_BANK1_SEC13     0009d000   00001000  00000000  00001000  RWIX
  FLASH_BANK1_SEC14     0009e000   00001000  00000000  00001000  RWIX
  FLASH_BANK1_SEC15     0009f000   00000ff0  00000000  00000ff0  RWIX
  RESET                 003fffc0   00000002  00000000  00000002  RWIX

PAGE 1:
  BOOT_RSVD             00000002   000000f1  00000000  000000f1  RWIX
  RAMM1                 00000400   000003f8  000003f8  00000000  RWIX
  RAMLS5                0000a800   00000800  0000000a  000007f6  RWIX
  RAMLS6                0000b000   00000800  00000000  00000800  RWIX
  RAMLS7                0000b800   00000800  00000000  00000800  RWIX
  RAMGS0                0000c000   00002000  00000000  00002000  RWIX
  RAMGS1                0000e000   00002000  00000000  00002000  RWIX
  RAMGS2                00010000   00002000  00000000  00002000  RWIX
  RAMGS3                00012000   00001ff8  00000000  00001ff8  RWIX


SECTION ALLOCATION MAP

 output                                  attributes/
section   page    origin      length       input sections
--------  ----  ----------  ----------   ----------------
codestart 
*          0    00080000    00000002     
                  00080000    00000002     f28004x_codestartbranch.obj (codestart)

.cinit     0    00081128    00000014     
                  00081128    00000009     (.cinit..data.load) [load image, compression = lzss]
                  00081131    00000001     --HOLE-- [fill = 0]
                  00081132    00000004     (__TI_handler_table)
                  00081136    00000002     --HOLE-- [fill = 0]
                  00081138    00000004     (__TI_cinit_table)

.reset     0    003fffc0    00000000     DSECT

.stack     1    00000400    000003f8     UNINITIALIZED
                  00000400    000003f8     --HOLE--

.init_array 
*          0    00081000    00000000     UNINITIALIZED

.data      1    0000a800    0000000a     UNINITIALIZED
                  0000a800    00000006     rts2800_fpu32_eabi.lib : exit.c.obj (.data)
                  0000a806    00000002                            : _lock.c.obj (.data:_lock)
                  0000a808    00000002                            : _lock.c.obj (.data:_unlock)

.const     0    00084000    00000347     
                  00084000    0000009b     driverlib_eabi.lib : flash.obj (.const:.string)
                  0008409b    00000001     --HOLE-- [fill = 0]
                  0008409c    0000009a                        : sysctl.obj (.const:.string)
                  00084136    00000098                        : gpio.obj (.const:.string)
                  000841ce    00000097                        : sci.obj (.const:.string)
                  00084265    00000001     --HOLE-- [fill = 0]
                  00084266    00000087     board.obj (.const:.string)
                  000842ed    00000001     --HOLE-- [fill = 0]
                  000842ee    00000059     device.obj (.const:.string)

.TI.ramfunc 
*          0    00081000    00000128     RUN ADDR = 00008000
                  00081000    00000044     driverlib_eabi.lib : flash.obj (.TI.ramfunc:Flash_initModule)
                  00081044    0000002c                        : flash.obj (.TI.ramfunc:Flash_setBankPowerMode)
                  00081070    00000023                        : flash.obj (.TI.ramfunc:Flash_setWaitstates)
                  00081093    0000001d                        : flash.obj (.TI.ramfunc:Flash_setPumpPowerMode)
                  000810b0    00000018                        : flash.obj (.TI.ramfunc:Flash_disableCache)
                  000810c8    00000018                        : flash.obj (.TI.ramfunc:Flash_disablePrefetch)
                  000810e0    00000017                        : flash.obj (.TI.ramfunc:Flash_enableCache)
                  000810f7    00000017                        : flash.obj (.TI.ramfunc:Flash_enablePrefetch)
                  0008110e    00000016                        : flash.obj (.TI.ramfunc:Flash_enableECC)
                  00081124    00000004                        : sysctl.obj (.TI.ramfunc)

.text      0    00082000    00000bf0     
                  00082000    000000e0     device.obj (.text:Device_enableAllPeripherals)
                  000820e0    000000c7     driverlib_eabi.lib : sysctl.obj (.text:SysCtl_setClock)
                  000821a7    000000bd                        : sysctl.obj (.text:SysCtl_isPLLValid)
                  00082264    00000073                        : sysctl.obj (.text:DCC_setCounterSeeds)
                  000822d7    00000062     device.obj (.text:Device_init)
                  00082339    0000005e     driverlib_eabi.lib : sysctl.obj (.text:SysCtl_getClock)
                  00082397    00000052                        : gpio.obj (.text:GPIO_setPadConfig)
                  000823e9    00000049                        : sysctl.obj (.text:SysCtl_selectOscSource)
                  00082432    00000045                        : sci.obj (.text:SCI_clearInterruptStatus)
                  00082477    00000044                        : sci.obj (.text:SCI_enableInterrupt)
                  000824bb    00000043     board.obj (.text:DATA_LOG_UART_init)
                  000824fe    0000003e     driverlib_eabi.lib : sci.obj (.text:SCI_setConfig)
                  0008253c    0000003d                        : interrupt.obj (.text:Interrupt_initModule)
                  00082579    0000003a                        : gpio.obj (.text:GPIO_setAnalogMode)
                  000825b3    00000037                        : gpio.obj (.text:GPIO_setMasterCore)
                  000825ea    00000037                        : gpio.obj (.text:GPIO_setPinConfig)
                  00082621    00000037                        : gpio.obj (.text:GPIO_setQualificationMode)
                  00082658    00000031                        : gpio.obj (.text:GPIO_setDirectionMode)
                  00082689    0000002e     rts2800_fpu32_eabi.lib : copy_decompress_lzss.c.obj (.text:decompress:lzss)
                  000826b7    0000002b                            : autoinit.c.obj (.text:__TI_auto_init_nobinit_nopinit)
                  000826e2    00000029                            : exit.c.obj (.text)
                  0008270b    00000028     board.obj (.text:PinMux_init)
                  00082733    00000027     board.obj (.text:GPIO_writePin)
                  0008275a    00000026     board.obj (.text:SCI_setFIFOInterruptLevel)
                  00082780    00000024     driverlib_eabi.lib : sysctl.obj (.text:DCC_enableSingleShotMode)
                  000827a4    00000024                        : sysctl.obj (.text:SysCtl_selectXTAL)
                  000827c8    00000023                        : sysctl.obj (.text:SysCtl_pollX1Counter)
                  000827eb    0000001e                        : sysctl.obj (.text:DCC_setCounter1ClkSource)
                  00082809    0000001e                        : interrupt.obj (.text:Interrupt_initVectorTable)
                  00082827    0000001d     board.obj (.text:SCI_enableFIFO)
                  00082844    0000001d     rts2800_fpu32_eabi.lib : memcpy.c.obj (.text)
                  00082861    0000001c     driverlib_eabi.lib : sysctl.obj (.text:DCC_setCounter0ClkSource)
                  0008287d    0000001a                        : sysctl.obj (.text:SysCtl_getLowSpeedClock)
                  00082897    0000001a                        : sysctl.obj (.text:SysCtl_selectXTALSingleEnded)
                  000828b1    00000019     board.obj (.text:ILI9341_GPIO_CS_init)
                  000828ca    00000019     board.obj (.text:ILI9341_GPIO_DCX_init)
                  000828e3    00000018     driverlib_eabi.lib : sci.obj (.text:SCI_disableModule)
                  000828fb    00000018     board.obj (.text:SCI_performSoftwareReset)
                  00082913    00000018     driverlib_eabi.lib : sci.obj (.text:SCI_performSoftwareReset)
                  0008292b    00000018     board.obj (.text:SCI_resetChannels)
                  00082943    00000018     board.obj (.text:SCI_resetRxFIFO)
                  0008295b    00000018     board.obj (.text:SCI_resetTxFIFO)
                  00082973    00000017     device.obj (.text:SysCtl_enablePeripheral)
                  0008298a    00000017     driverlib_eabi.lib : sysctl.obj (.text:SysCtl_enablePeripheral)
                  000829a1    00000017     rts2800_fpu32_eabi.lib : boot28.asm.obj (.text)
                  000829b8    00000016     driverlib_eabi.lib : sysctl.obj (.text:DCC_disableDoneSignal)
                  000829ce    00000016                        : sysctl.obj (.text:DCC_enableDoneSignal)
                  000829e4    00000015                        : sysctl.obj (.text:DCC_clearDoneFlag)
                  000829f9    00000015                        : sysctl.obj (.text:DCC_clearErrorFlag)
                  00082a0e    00000015                        : sysctl.obj (.text:DCC_disableErrorSignal)
                  00082a23    00000015                        : sysctl.obj (.text:DCC_enableErrorSignal)
                  00082a38    00000015     device.obj (.text:GPIO_unlockPortConfig)
                  00082a4d    00000014     driverlib_eabi.lib : sysctl.obj (.text:DCC_disableModule)
                  00082a61    00000014                        : sysctl.obj (.text:DCC_enableModule)
                  00082a75    00000014     board.obj (.text:GPIO_isPinValid)
                  00082a89    00000014     driverlib_eabi.lib : gpio.obj (.text:GPIO_isPinValid)
                  00082a9d    00000013     board.obj (.text:SCI_clearOverflowStatus)
                  00082ab0    00000013     board.obj (.text:SCI_enableModule)
                  00082ac3    00000013     driverlib_eabi.lib : sci.obj (.text:SCI_enableModule)
                  00082ad6    00000013     board.obj (.text:SCI_isBaseValid)
                  00082ae9    00000013     driverlib_eabi.lib : sci.obj (.text:SCI_isBaseValid)
                  00082afc    00000011     board.obj (.text:SCI_disableLoopback)
                  00082b0d    00000010     driverlib_eabi.lib : sysctl.obj (.text:DCC_isBaseValid)
                  00082b1d    00000010     device.obj (.text:Device_initGPIO)
                  00082b2d    00000010     driverlib_eabi.lib : flash.obj (.text:Flash_isCtrlBaseValid)
                  00082b3d    00000010                        : flash.obj (.text:Flash_isECCBaseValid)
                  00082b4d    0000000f     device.obj (.text:ASysCtl_disableDCDC)
                  00082b5c    0000000e     driverlib_eabi.lib : interrupt.obj (.text:Interrupt_defaultHandler)
                  00082b6a    0000000e     empty_driverlib_main.obj (.text:main)
                  00082b78    0000000d     driverlib_eabi.lib : interrupt.obj (.text:Interrupt_disableMaster)
                  00082b85    0000000d     device.obj (.text:SysCtl_setLowSpeedClock)
                  00082b92    0000000c     rts2800_fpu32_eabi.lib : args_main.c.obj (.text)
                  00082b9e    0000000b     driverlib_eabi.lib : sysctl.obj (.text:SysCtl_isMCDClockFailureDetected)
                  00082ba9    00000009     board.obj (.text:Board_init)
                  00082bb2    00000009     rts2800_fpu32_eabi.lib : _lock.c.obj (.text)
                  00082bbb    00000008     device.obj (.text:SysCtl_disableWatchdog)
                  00082bc3    00000008     rts2800_fpu32_eabi.lib : copy_decompress_none.c.obj (.text:decompress:none)
                  00082bcb    00000008     f28004x_codestartbranch.obj (.text)
                  00082bd3    00000007     driverlib_eabi.lib : sysctl.obj (.text:SysCtl_resetMCD)
                  00082bda    00000007     device.obj (.text:__error__)
                  00082be1    00000005     board.obj (.text:GPIO_init)
                  00082be6    00000003     board.obj (.text:SCI_init)
                  00082be9    00000002     driverlib_eabi.lib : interrupt.obj (.text:Interrupt_illegalOperationHandler)
                  00082beb    00000002                        : interrupt.obj (.text:Interrupt_nmiHandler)
                  00082bed    00000002     rts2800_fpu32_eabi.lib : pre_init.c.obj (.text)
                  00082bef    00000001                            : startup.c.obj (.text)

MODULE SUMMARY

       Module                        code   ro data   rw data
       ------                        ----   -------   -------
    .\
       empty_driverlib_main.obj      14     0         0      
    +--+-----------------------------+------+---------+---------+
       Total:                        14     0         0      
                                                             
    .\device\
       device.obj                    425    89        0      
       f28004x_codestartbranch.obj   10     0         0      
    +--+-----------------------------+------+---------+---------+
       Total:                        435    89        0      
                                                             
    .\syscfg\
       board.obj                     470    135       0      
    +--+-----------------------------+------+---------+---------+
       Total:                        470    135       0      
                                                             
    C:\ti\c2000\C2000Ware_4_02_00_00\driverlib\f28004x\driverlib\ccs\Debug\driverlib_eabi.lib
       sysctl.obj                    1120   154       0      
       flash.obj                     616    155       0      
       gpio.obj                      374    152       0      
       sci.obj                       285    151       0      
       interrupt.obj                 122    0         0      
    +--+-----------------------------+------+---------+---------+
       Total:                        2517   612       0      
                                                             
    C:\ti\ccs1200\ccs\tools\compiler\ti-cgt-c2000_22.6.0.LTS\lib\rts2800_fpu32_eabi.lib
       exit.c.obj                    41     0         6      
       copy_decompress_lzss.c.obj    46     0         0      
       autoinit.c.obj                43     0         0      
       memcpy.c.obj                  29     0         0      
       boot28.asm.obj                23     0         0      
       _lock.c.obj                   9      0         4      
       args_main.c.obj               12     0         0      
       copy_decompress_none.c.obj    8      0         0      
       pre_init.c.obj                2      0         0      
       startup.c.obj                 1      0         0      
    +--+-----------------------------+------+---------+---------+
       Total:                        214    0         10     
                                                             
       Stack:                        0      0         1016   
       Linker Generated:             0      17        0      
    +--+-----------------------------+------+---------+---------+
       Grand Total:                  3650   853       1026   


LINKER GENERATED COPY TABLES

__TI_cinit_table @ 00081138 records: 1, size/record: 4, table size: 4
	.data: load addr=00081128, load size=00000009 bytes, run addr=0000a800, run size=0000000a bytes, compression=lzss


LINKER GENERATED HANDLER TABLE

__TI_handler_table @ 00081132 records: 2, size/record: 2, table size: 4
	index: 0, handler: __TI_decompress_lzss
	index: 1, handler: __TI_decompress_none


GLOBAL DATA SYMBOLS: SORTED BY DATA PAGE

address     data page           name
--------    ----------------    ----
00000400      10 (00000400)     __stack

0000a800     2a0 (0000a800)     __TI_enable_exit_profile_output
0000a802     2a0 (0000a800)     __TI_cleanup_ptr
0000a804     2a0 (0000a800)     __TI_dtors_ptr
0000a806     2a0 (0000a800)     _lock
0000a808     2a0 (0000a800)     _unlock


GLOBAL SYMBOLS: SORTED ALPHABETICALLY BY Name 

page  address   name                           
----  -------   ----                           
0     00082ba9  Board_init                     
0     000826e2  C$$EXIT                        
0     000824bb  DATA_LOG_UART_init             
0     00082000  Device_enableAllPeripherals    
0     000822d7  Device_init                    
0     00082b1d  Device_initGPIO                
0     00008000  Flash_initModule               
0     00082be1  GPIO_init                      
0     00082579  GPIO_setAnalogMode             
0     00082658  GPIO_setDirectionMode          
0     000825b3  GPIO_setMasterCore             
0     00082397  GPIO_setPadConfig              
0     000825ea  GPIO_setPinConfig              
0     00082621  GPIO_setQualificationMode      
0     000828b1  ILI9341_GPIO_CS_init           
0     000828ca  ILI9341_GPIO_DCX_init          
0     0008253c  Interrupt_initModule           
0     00082809  Interrupt_initVectorTable      
0     0008270b  PinMux_init                    
0     00081128  RamfuncsLoadEnd                
abs   00000128  RamfuncsLoadSize               
0     00081000  RamfuncsLoadStart              
0     00008128  RamfuncsRunEnd                 
abs   00000128  RamfuncsRunSize                
0     00008000  RamfuncsRunStart               
0     00082432  SCI_clearInterruptStatus       
0     00082477  SCI_enableInterrupt            
0     00082be6  SCI_init                       
0     000824fe  SCI_setConfig                  
0     00008124  SysCtl_delay                   
0     00082339  SysCtl_getClock                
0     0008287d  SysCtl_getLowSpeedClock        
0     000821a7  SysCtl_isPLLValid              
0     000823e9  SysCtl_selectOscSource         
0     000827a4  SysCtl_selectXTAL              
0     00082897  SysCtl_selectXTALSingleEnded   
0     000820e0  SysCtl_setClock                
0     00081138  __TI_CINIT_Base                
0     0008113c  __TI_CINIT_Limit               
0     0008113c  __TI_CINIT_Warm                
0     00081132  __TI_Handler_Table_Base        
0     00081136  __TI_Handler_Table_Limit       
1     000007f8  __TI_STACK_END                 
abs   000003f8  __TI_STACK_SIZE                
0     000826b7  __TI_auto_init_nobinit_nopinit 
1     0000a802  __TI_cleanup_ptr               
0     00082689  __TI_decompress_lzss           
0     00082bc3  __TI_decompress_none           
1     0000a804  __TI_dtors_ptr                 
1     0000a800  __TI_enable_exit_profile_output
abs   ffffffff  __TI_pprof_out_hndl            
abs   ffffffff  __TI_prof_data_size            
abs   ffffffff  __TI_prof_data_start           
n/a   UNDEFED   __c_args__                     
0     00082bda  __error__                      
1     00000400  __stack                        
0     00082b92  _args_main                     
0     000829a1  _c_int00                       
1     0000a806  _lock                          
0     00082bba  _nop                           
0     00082bb6  _register_lock                 
0     00082bb2  _register_unlock               
0     00082bef  _system_post_cinit             
0     00082bed  _system_pre_init               
1     0000a808  _unlock                        
0     000826e2  abort                          
0     00080000  code_start                     
0     000826e4  exit                           
0     00082b6a  main                           
0     00082844  memcpy                         


GLOBAL SYMBOLS: SORTED BY Symbol Address 

page  address   name                           
----  -------   ----                           
0     00008000  Flash_initModule               
0     00008000  RamfuncsRunStart               
0     00008124  SysCtl_delay                   
0     00008128  RamfuncsRunEnd                 
0     00080000  code_start                     
0     00081000  RamfuncsLoadStart              
0     00081128  RamfuncsLoadEnd                
0     00081132  __TI_Handler_Table_Base        
0     00081136  __TI_Handler_Table_Limit       
0     00081138  __TI_CINIT_Base                
0     0008113c  __TI_CINIT_Limit               
0     0008113c  __TI_CINIT_Warm                
0     00082000  Device_enableAllPeripherals    
0     000820e0  SysCtl_setClock                
0     000821a7  SysCtl_isPLLValid              
0     000822d7  Device_init                    
0     00082339  SysCtl_getClock                
0     00082397  GPIO_setPadConfig              
0     000823e9  SysCtl_selectOscSource         
0     00082432  SCI_clearInterruptStatus       
0     00082477  SCI_enableInterrupt            
0     000824bb  DATA_LOG_UART_init             
0     000824fe  SCI_setConfig                  
0     0008253c  Interrupt_initModule           
0     00082579  GPIO_setAnalogMode             
0     000825b3  GPIO_setMasterCore             
0     000825ea  GPIO_setPinConfig              
0     00082621  GPIO_setQualificationMode      
0     00082658  GPIO_setDirectionMode          
0     00082689  __TI_decompress_lzss           
0     000826b7  __TI_auto_init_nobinit_nopinit 
0     000826e2  C$$EXIT                        
0     000826e2  abort                          
0     000826e4  exit                           
0     0008270b  PinMux_init                    
0     000827a4  SysCtl_selectXTAL              
0     00082809  Interrupt_initVectorTable      
0     00082844  memcpy                         
0     0008287d  SysCtl_getLowSpeedClock        
0     00082897  SysCtl_selectXTALSingleEnded   
0     000828b1  ILI9341_GPIO_CS_init           
0     000828ca  ILI9341_GPIO_DCX_init          
0     000829a1  _c_int00                       
0     00082b1d  Device_initGPIO                
0     00082b6a  main                           
0     00082b92  _args_main                     
0     00082ba9  Board_init                     
0     00082bb2  _register_unlock               
0     00082bb6  _register_lock                 
0     00082bba  _nop                           
0     00082bc3  __TI_decompress_none           
0     00082bda  __error__                      
0     00082be1  GPIO_init                      
0     00082be6  SCI_init                       
0     00082bed  _system_pre_init               
0     00082bef  _system_post_cinit             
1     00000400  __stack                        
1     000007f8  __TI_STACK_END                 
1     0000a800  __TI_enable_exit_profile_output
1     0000a802  __TI_cleanup_ptr               
1     0000a804  __TI_dtors_ptr                 
1     0000a806  _lock                          
1     0000a808  _unlock                        
abs   00000128  RamfuncsLoadSize               
abs   00000128  RamfuncsRunSize                
abs   000003f8  __TI_STACK_SIZE                
abs   ffffffff  __TI_pprof_out_hndl            
abs   ffffffff  __TI_prof_data_size            
abs   ffffffff  __TI_prof_data_start           
n/a   UNDEFED   __c_args__                     

[70 symbols]
