<?xml version="1.0" encoding="ISO-8859-1" ?>
<link_info>
   <banner>TMS320C2000 Linker PC v22.6.0.LTS</banner>
   <copyright>Copyright (c) 1996-2018 Texas Instruments Incorporated</copyright>
   <link_time>0x63ff9fcf</link_time>
   <link_errors>0x0</link_errors>
   <output_file>Mo_Test_Sapce.out</output_file>
   <entry_point>
      <name>code_start</name>
      <address>0x80000</address>
   </entry_point>
   <input_file_list>
      <input_file id="fl-2">
         <path>.\</path>
         <kind>object</kind>
         <file>RiderStats.obj</file>
         <name>RiderStats.obj</name>
      </input_file>
      <input_file id="fl-3">
         <path>.\syscfg\</path>
         <kind>object</kind>
         <file>board.obj</file>
         <name>board.obj</name>
      </input_file>
      <input_file id="fl-4">
         <path>.\syscfg\</path>
         <kind>object</kind>
         <file>c2000ware_libraries.obj</file>
         <name>c2000ware_libraries.obj</name>
      </input_file>
      <input_file id="fl-5">
         <path>.\</path>
         <kind>object</kind>
         <file>empty_driverlib_main.obj</file>
         <name>empty_driverlib_main.obj</name>
      </input_file>
      <input_file id="fl-6">
         <path>.\datalogger\</path>
         <kind>object</kind>
         <file>datalogger.obj</file>
         <name>datalogger.obj</name>
      </input_file>
      <input_file id="fl-7">
         <path>.\device\</path>
         <kind>object</kind>
         <file>device.obj</file>
         <name>device.obj</name>
      </input_file>
      <input_file id="fl-8">
         <path>.\device\</path>
         <kind>object</kind>
         <file>f28004x_codestartbranch.obj</file>
         <name>f28004x_codestartbranch.obj</name>
      </input_file>
      <input_file id="fl-d">
         <kind>object</kind>
         <file>&lt;internal&gt;</file>
         <name>&lt;internal&gt;</name>
      </input_file>
      <input_file id="fl-11">
         <path>C:\ti\c2000\C2000Ware_4_02_00_00\driverlib\f28004x\driverlib\ccs\Debug\</path>
         <kind>archive</kind>
         <file>driverlib_eabi.lib</file>
         <name>dcc.obj</name>
      </input_file>
      <input_file id="fl-12">
         <path>C:\ti\c2000\C2000Ware_4_02_00_00\driverlib\f28004x\driverlib\ccs\Debug\</path>
         <kind>archive</kind>
         <file>driverlib_eabi.lib</file>
         <name>flash.obj</name>
      </input_file>
      <input_file id="fl-13">
         <path>C:\ti\c2000\C2000Ware_4_02_00_00\driverlib\f28004x\driverlib\ccs\Debug\</path>
         <kind>archive</kind>
         <file>driverlib_eabi.lib</file>
         <name>gpio.obj</name>
      </input_file>
      <input_file id="fl-14">
         <path>C:\ti\c2000\C2000Ware_4_02_00_00\driverlib\f28004x\driverlib\ccs\Debug\</path>
         <kind>archive</kind>
         <file>driverlib_eabi.lib</file>
         <name>interrupt.obj</name>
      </input_file>
      <input_file id="fl-15">
         <path>C:\ti\c2000\C2000Ware_4_02_00_00\driverlib\f28004x\driverlib\ccs\Debug\</path>
         <kind>archive</kind>
         <file>driverlib_eabi.lib</file>
         <name>sci.obj</name>
      </input_file>
      <input_file id="fl-16">
         <path>C:\ti\c2000\C2000Ware_4_02_00_00\driverlib\f28004x\driverlib\ccs\Debug\</path>
         <kind>archive</kind>
         <file>driverlib_eabi.lib</file>
         <name>sysctl.obj</name>
      </input_file>
      <input_file id="fl-22">
         <path>C:\ti\ccs1220\ccs\tools\compiler\ti-cgt-c2000_22.6.0.LTS\lib\</path>
         <kind>archive</kind>
         <file>rts2800_fpu32_eabi.lib</file>
         <name>boot28.asm.obj</name>
      </input_file>
      <input_file id="fl-23">
         <path>C:\ti\ccs1220\ccs\tools\compiler\ti-cgt-c2000_22.6.0.LTS\lib\</path>
         <kind>archive</kind>
         <file>rts2800_fpu32_eabi.lib</file>
         <name>fs_div28.asm.obj</name>
      </input_file>
      <input_file id="fl-24">
         <path>C:\ti\ccs1220\ccs\tools\compiler\ti-cgt-c2000_22.6.0.LTS\lib\</path>
         <kind>archive</kind>
         <file>rts2800_fpu32_eabi.lib</file>
         <name>fs_tofdfpu32.asm.obj</name>
      </input_file>
      <input_file id="fl-25">
         <path>C:\ti\ccs1220\ccs\tools\compiler\ti-cgt-c2000_22.6.0.LTS\lib\</path>
         <kind>archive</kind>
         <file>rts2800_fpu32_eabi.lib</file>
         <name>memcpy.c.obj</name>
      </input_file>
      <input_file id="fl-26">
         <path>C:\ti\ccs1220\ccs\tools\compiler\ti-cgt-c2000_22.6.0.LTS\lib\</path>
         <kind>archive</kind>
         <file>rts2800_fpu32_eabi.lib</file>
         <name>pre_init.c.obj</name>
      </input_file>
      <input_file id="fl-27">
         <path>C:\ti\ccs1220\ccs\tools\compiler\ti-cgt-c2000_22.6.0.LTS\lib\</path>
         <kind>archive</kind>
         <file>rts2800_fpu32_eabi.lib</file>
         <name>autoinit.c.obj</name>
      </input_file>
      <input_file id="fl-28">
         <path>C:\ti\ccs1220\ccs\tools\compiler\ti-cgt-c2000_22.6.0.LTS\lib\</path>
         <kind>archive</kind>
         <file>rts2800_fpu32_eabi.lib</file>
         <name>copy_zero_init.c.obj</name>
      </input_file>
      <input_file id="fl-29">
         <path>C:\ti\ccs1220\ccs\tools\compiler\ti-cgt-c2000_22.6.0.LTS\lib\</path>
         <kind>archive</kind>
         <file>rts2800_fpu32_eabi.lib</file>
         <name>copy_decompress_none.c.obj</name>
      </input_file>
      <input_file id="fl-2a">
         <path>C:\ti\ccs1220\ccs\tools\compiler\ti-cgt-c2000_22.6.0.LTS\lib\</path>
         <kind>archive</kind>
         <file>rts2800_fpu32_eabi.lib</file>
         <name>copy_decompress_lzss.c.obj</name>
      </input_file>
      <input_file id="fl-2b">
         <path>C:\ti\ccs1220\ccs\tools\compiler\ti-cgt-c2000_22.6.0.LTS\lib\</path>
         <kind>archive</kind>
         <file>rts2800_fpu32_eabi.lib</file>
         <name>exit.c.obj</name>
      </input_file>
      <input_file id="fl-2c">
         <path>C:\ti\ccs1220\ccs\tools\compiler\ti-cgt-c2000_22.6.0.LTS\lib\</path>
         <kind>archive</kind>
         <file>rts2800_fpu32_eabi.lib</file>
         <name>_lock.c.obj</name>
      </input_file>
      <input_file id="fl-2d">
         <path>C:\ti\ccs1220\ccs\tools\compiler\ti-cgt-c2000_22.6.0.LTS\lib\</path>
         <kind>archive</kind>
         <file>rts2800_fpu32_eabi.lib</file>
         <name>args_main.c.obj</name>
      </input_file>
      <input_file id="fl-2e">
         <path>C:\ti\ccs1220\ccs\tools\compiler\ti-cgt-c2000_22.6.0.LTS\lib\</path>
         <kind>archive</kind>
         <file>rts2800_fpu32_eabi.lib</file>
         <name>memset.c.obj</name>
      </input_file>
      <input_file id="fl-2f">
         <path>C:\ti\ccs1220\ccs\tools\compiler\ti-cgt-c2000_22.6.0.LTS\lib\</path>
         <kind>archive</kind>
         <file>rts2800_fpu32_eabi.lib</file>
         <name>cpy_tbl.c.obj</name>
      </input_file>
      <input_file id="fl-30">
         <path>C:\ti\ccs1220\ccs\tools\compiler\ti-cgt-c2000_22.6.0.LTS\lib\</path>
         <kind>archive</kind>
         <file>rts2800_fpu32_eabi.lib</file>
         <name>startup.c.obj</name>
      </input_file>
   </input_file_list>
   <object_component_list>
      <object_component id="oc-21">
         <name>codestart</name>
         <load_address>0x80000</load_address>
         <run_address>0x80000</run_address>
         <size>0x2</size>
         <input_file_ref idref="fl-8"/>
      </object_component>
      <object_component id="oc-13c">
         <name>.text:Device_enableAllPeripherals</name>
         <load_address>0x82000</load_address>
         <run_address>0x82000</run_address>
         <size>0xe0</size>
         <input_file_ref idref="fl-7"/>
      </object_component>
      <object_component id="oc-11d">
         <name>.text:SysCtl_setClock</name>
         <load_address>0x820e0</load_address>
         <run_address>0x820e0</run_address>
         <size>0xc7</size>
         <input_file_ref idref="fl-16"/>
      </object_component>
      <object_component id="oc-1f0">
         <name>.text:SysCtl_isPLLValid</name>
         <load_address>0x821a7</load_address>
         <run_address>0x821a7</run_address>
         <size>0xbd</size>
         <input_file_ref idref="fl-16"/>
      </object_component>
      <object_component id="oc-28b">
         <name>.text:DCC_setCounterSeeds</name>
         <load_address>0x82264</load_address>
         <run_address>0x82264</run_address>
         <size>0x73</size>
         <input_file_ref idref="fl-16"/>
      </object_component>
      <object_component id="oc-d9">
         <name>.text:Device_init</name>
         <load_address>0x822d7</load_address>
         <run_address>0x822d7</run_address>
         <size>0x62</size>
         <input_file_ref idref="fl-7"/>
      </object_component>
      <object_component id="oc-129">
         <name>.text:SysCtl_getClock</name>
         <load_address>0x82339</load_address>
         <run_address>0x82339</run_address>
         <size>0x5e</size>
         <input_file_ref idref="fl-16"/>
      </object_component>
      <object_component id="oc-148">
         <name>.text:GPIO_setPadConfig</name>
         <load_address>0x82397</load_address>
         <run_address>0x82397</run_address>
         <size>0x52</size>
         <input_file_ref idref="fl-13"/>
      </object_component>
      <object_component id="oc-1e9">
         <name>.text:SysCtl_selectOscSource</name>
         <load_address>0x823e9</load_address>
         <run_address>0x823e9</run_address>
         <size>0x49</size>
         <input_file_ref idref="fl-16"/>
      </object_component>
      <object_component id="oc-2c2">
         <name>.text:SCI_clearInterruptStatus</name>
         <load_address>0x82432</load_address>
         <run_address>0x82432</run_address>
         <size>0x45</size>
         <input_file_ref idref="fl-15"/>
      </object_component>
      <object_component id="oc-2f2">
         <name>.text:SCI_enableInterrupt</name>
         <load_address>0x82477</load_address>
         <run_address>0x82477</run_address>
         <size>0x44</size>
         <input_file_ref idref="fl-15"/>
      </object_component>
      <object_component id="oc-234">
         <name>.text:DATA_LOG_UART_init</name>
         <load_address>0x824bb</load_address>
         <run_address>0x824bb</run_address>
         <size>0x43</size>
         <input_file_ref idref="fl-3"/>
      </object_component>
      <object_component id="oc-2e0">
         <name>.text:SCI_setConfig</name>
         <load_address>0x824fe</load_address>
         <run_address>0x824fe</run_address>
         <size>0x3e</size>
         <input_file_ref idref="fl-15"/>
      </object_component>
      <object_component id="oc-e5">
         <name>.text:Interrupt_initModule</name>
         <load_address>0x8253c</load_address>
         <run_address>0x8253c</run_address>
         <size>0x3d</size>
         <input_file_ref idref="fl-14"/>
      </object_component>
      <object_component id="oc-154">
         <name>.text:GPIO_setAnalogMode</name>
         <load_address>0x82579</load_address>
         <run_address>0x82579</run_address>
         <size>0x3a</size>
         <input_file_ref idref="fl-13"/>
      </object_component>
      <object_component id="oc-2ba">
         <name>.text:GPIO_setMasterCore</name>
         <load_address>0x825b3</load_address>
         <run_address>0x825b3</run_address>
         <size>0x37</size>
         <input_file_ref idref="fl-13"/>
      </object_component>
      <object_component id="oc-21a">
         <name>.text:GPIO_setPinConfig</name>
         <load_address>0x825ea</load_address>
         <run_address>0x825ea</run_address>
         <size>0x37</size>
         <input_file_ref idref="fl-13"/>
      </object_component>
      <object_component id="oc-220">
         <name>.text:GPIO_setQualificationMode</name>
         <load_address>0x82621</load_address>
         <run_address>0x82621</run_address>
         <size>0x37</size>
         <input_file_ref idref="fl-13"/>
      </object_component>
      <object_component id="oc-14e">
         <name>.text:GPIO_setDirectionMode</name>
         <load_address>0x82658</load_address>
         <run_address>0x82658</run_address>
         <size>0x31</size>
         <input_file_ref idref="fl-13"/>
      </object_component>
      <object_component id="oc-14">
         <name>.text:decompress:lzss</name>
         <load_address>0x82689</load_address>
         <run_address>0x82689</run_address>
         <size>0x2e</size>
         <input_file_ref idref="fl-2a"/>
      </object_component>
      <object_component id="oc-81">
         <name>.text:__TI_auto_init_nobinit_nopinit</name>
         <load_address>0x826b7</load_address>
         <run_address>0x826b7</run_address>
         <size>0x2b</size>
         <input_file_ref idref="fl-27"/>
      </object_component>
      <object_component id="oc-75">
         <name>.text</name>
         <load_address>0x826e2</load_address>
         <run_address>0x826e2</run_address>
         <size>0x29</size>
         <input_file_ref idref="fl-2b"/>
      </object_component>
      <object_component id="oc-17e">
         <name>.text:PinMux_init</name>
         <load_address>0x8270b</load_address>
         <run_address>0x8270b</run_address>
         <size>0x28</size>
         <input_file_ref idref="fl-3"/>
      </object_component>
      <object_component id="oc-2b4">
         <name>.text:GPIO_writePin</name>
         <load_address>0x82733</load_address>
         <run_address>0x82733</run_address>
         <size>0x27</size>
         <input_file_ref idref="fl-3"/>
      </object_component>
      <object_component id="oc-2f8">
         <name>.text:SCI_setFIFOInterruptLevel</name>
         <load_address>0x8275a</load_address>
         <run_address>0x8275a</run_address>
         <size>0x26</size>
         <input_file_ref idref="fl-3"/>
      </object_component>
      <object_component id="oc-291">
         <name>.text:DCC_enableSingleShotMode</name>
         <load_address>0x82780</load_address>
         <run_address>0x82780</run_address>
         <size>0x24</size>
         <input_file_ref idref="fl-16"/>
      </object_component>
      <object_component id="oc-24e">
         <name>.text:SysCtl_selectXTAL</name>
         <load_address>0x827a4</load_address>
         <run_address>0x827a4</run_address>
         <size>0x24</size>
         <input_file_ref idref="fl-16"/>
      </object_component>
      <object_component id="oc-30b">
         <name>.text:SysCtl_pollX1Counter</name>
         <load_address>0x827c8</load_address>
         <run_address>0x827c8</run_address>
         <size>0x23</size>
         <input_file_ref idref="fl-16"/>
      </object_component>
      <object_component id="oc-285">
         <name>.text:DCC_setCounter1ClkSource</name>
         <load_address>0x827eb</load_address>
         <run_address>0x827eb</run_address>
         <size>0x1e</size>
         <input_file_ref idref="fl-16"/>
      </object_component>
      <object_component id="oc-eb">
         <name>.text:Interrupt_initVectorTable</name>
         <load_address>0x82809</load_address>
         <run_address>0x82809</run_address>
         <size>0x1e</size>
         <input_file_ref idref="fl-14"/>
      </object_component>
      <object_component id="oc-2fe">
         <name>.text:SCI_enableFIFO</name>
         <load_address>0x82827</load_address>
         <run_address>0x82827</run_address>
         <size>0x1d</size>
         <input_file_ref idref="fl-3"/>
      </object_component>
      <object_component id="oc-2f">
         <name>.text</name>
         <load_address>0x82844</load_address>
         <run_address>0x82844</run_address>
         <size>0x1d</size>
         <input_file_ref idref="fl-25"/>
      </object_component>
      <object_component id="oc-27f">
         <name>.text:DCC_setCounter0ClkSource</name>
         <load_address>0x82861</load_address>
         <run_address>0x82861</run_address>
         <size>0x1c</size>
         <input_file_ref idref="fl-16"/>
      </object_component>
      <object_component id="oc-136">
         <name>.text:SysCtl_getLowSpeedClock</name>
         <load_address>0x8287d</load_address>
         <run_address>0x8287d</run_address>
         <size>0x1a</size>
         <input_file_ref idref="fl-16"/>
      </object_component>
      <object_component id="oc-254">
         <name>.text:SysCtl_selectXTALSingleEnded</name>
         <load_address>0x82897</load_address>
         <run_address>0x82897</run_address>
         <size>0x1a</size>
         <input_file_ref idref="fl-16"/>
      </object_component>
      <object_component id="oc-227">
         <name>.text:ILI9341_GPIO_CS_init</name>
         <load_address>0x828b1</load_address>
         <run_address>0x828b1</run_address>
         <size>0x19</size>
         <input_file_ref idref="fl-3"/>
      </object_component>
      <object_component id="oc-22d">
         <name>.text:ILI9341_GPIO_DCX_init</name>
         <load_address>0x828ca</load_address>
         <run_address>0x828ca</run_address>
         <size>0x19</size>
         <input_file_ref idref="fl-3"/>
      </object_component>
      <object_component id="oc-34e">
         <name>.text:SCI_disableModule</name>
         <load_address>0x828e3</load_address>
         <run_address>0x828e3</run_address>
         <size>0x18</size>
         <input_file_ref idref="fl-15"/>
      </object_component>
      <object_component id="oc-2ec">
         <name>.text:SCI_performSoftwareReset</name>
         <load_address>0x828fb</load_address>
         <run_address>0x828fb</run_address>
         <size>0x18</size>
         <input_file_ref idref="fl-3"/>
      </object_component>
      <object_component id="oc-33c">
         <name>.text:SCI_performSoftwareReset</name>
         <load_address>0x82913</load_address>
         <run_address>0x82913</run_address>
         <size>0x18</size>
         <input_file_ref idref="fl-15"/>
      </object_component>
      <object_component id="oc-2da">
         <name>.text:SCI_resetChannels</name>
         <load_address>0x8292b</load_address>
         <run_address>0x8292b</run_address>
         <size>0x18</size>
         <input_file_ref idref="fl-3"/>
      </object_component>
      <object_component id="oc-2d4">
         <name>.text:SCI_resetRxFIFO</name>
         <load_address>0x82943</load_address>
         <run_address>0x82943</run_address>
         <size>0x18</size>
         <input_file_ref idref="fl-3"/>
      </object_component>
      <object_component id="oc-2ce">
         <name>.text:SCI_resetTxFIFO</name>
         <load_address>0x8295b</load_address>
         <run_address>0x8295b</run_address>
         <size>0x18</size>
         <input_file_ref idref="fl-3"/>
      </object_component>
      <object_component id="oc-1fc">
         <name>.text:SysCtl_enablePeripheral</name>
         <load_address>0x82973</load_address>
         <run_address>0x82973</run_address>
         <size>0x17</size>
         <input_file_ref idref="fl-7"/>
      </object_component>
      <object_component id="oc-25b">
         <name>.text:SysCtl_enablePeripheral</name>
         <load_address>0x8298a</load_address>
         <run_address>0x8298a</run_address>
         <size>0x17</size>
         <input_file_ref idref="fl-16"/>
      </object_component>
      <object_component id="oc-5a">
         <name>.text</name>
         <load_address>0x829a1</load_address>
         <run_address>0x829a1</run_address>
         <size>0x17</size>
         <input_file_ref idref="fl-22"/>
      </object_component>
      <object_component id="oc-279">
         <name>.text:DCC_disableDoneSignal</name>
         <load_address>0x829b8</load_address>
         <run_address>0x829b8</run_address>
         <size>0x16</size>
         <input_file_ref idref="fl-16"/>
      </object_component>
      <object_component id="oc-29d">
         <name>.text:DCC_enableDoneSignal</name>
         <load_address>0x829ce</load_address>
         <run_address>0x829ce</run_address>
         <size>0x16</size>
         <input_file_ref idref="fl-16"/>
      </object_component>
      <object_component id="oc-267">
         <name>.text:DCC_clearDoneFlag</name>
         <load_address>0x829e4</load_address>
         <run_address>0x829e4</run_address>
         <size>0x15</size>
         <input_file_ref idref="fl-16"/>
      </object_component>
      <object_component id="oc-261">
         <name>.text:DCC_clearErrorFlag</name>
         <load_address>0x829f9</load_address>
         <run_address>0x829f9</run_address>
         <size>0x15</size>
         <input_file_ref idref="fl-16"/>
      </object_component>
      <object_component id="oc-273">
         <name>.text:DCC_disableErrorSignal</name>
         <load_address>0x82a0e</load_address>
         <run_address>0x82a0e</run_address>
         <size>0x15</size>
         <input_file_ref idref="fl-16"/>
      </object_component>
      <object_component id="oc-297">
         <name>.text:DCC_enableErrorSignal</name>
         <load_address>0x82a23</load_address>
         <run_address>0x82a23</run_address>
         <size>0x15</size>
         <input_file_ref idref="fl-16"/>
      </object_component>
      <object_component id="oc-15c">
         <name>.text:GPIO_unlockPortConfig</name>
         <load_address>0x82a38</load_address>
         <run_address>0x82a38</run_address>
         <size>0x15</size>
         <input_file_ref idref="fl-7"/>
      </object_component>
      <object_component id="oc-26d">
         <name>.text:DCC_disableModule</name>
         <load_address>0x82a4d</load_address>
         <run_address>0x82a4d</run_address>
         <size>0x14</size>
         <input_file_ref idref="fl-16"/>
      </object_component>
      <object_component id="oc-2a3">
         <name>.text:DCC_enableModule</name>
         <load_address>0x82a61</load_address>
         <run_address>0x82a61</run_address>
         <size>0x14</size>
         <input_file_ref idref="fl-16"/>
      </object_component>
      <object_component id="oc-32c">
         <name>.text:GPIO_isPinValid</name>
         <load_address>0x82a75</load_address>
         <run_address>0x82a75</run_address>
         <size>0x14</size>
         <input_file_ref idref="fl-3"/>
      </object_component>
      <object_component id="oc-204">
         <name>.text:GPIO_isPinValid</name>
         <load_address>0x82a89</load_address>
         <run_address>0x82a89</run_address>
         <size>0x14</size>
         <input_file_ref idref="fl-13"/>
      </object_component>
      <object_component id="oc-2c8">
         <name>.text:SCI_clearOverflowStatus</name>
         <load_address>0x82a9d</load_address>
         <run_address>0x82a9d</run_address>
         <size>0x13</size>
         <input_file_ref idref="fl-3"/>
      </object_component>
      <object_component id="oc-304">
         <name>.text:SCI_enableModule</name>
         <load_address>0x82ab0</load_address>
         <run_address>0x82ab0</run_address>
         <size>0x13</size>
         <input_file_ref idref="fl-3"/>
      </object_component>
      <object_component id="oc-354">
         <name>.text:SCI_enableModule</name>
         <load_address>0x82ac3</load_address>
         <run_address>0x82ac3</run_address>
         <size>0x13</size>
         <input_file_ref idref="fl-15"/>
      </object_component>
      <object_component id="oc-344">
         <name>.text:SCI_isBaseValid</name>
         <load_address>0x82ad6</load_address>
         <run_address>0x82ad6</run_address>
         <size>0x13</size>
         <input_file_ref idref="fl-3"/>
      </object_component>
      <object_component id="oc-335">
         <name>.text:SCI_isBaseValid</name>
         <load_address>0x82ae9</load_address>
         <run_address>0x82ae9</run_address>
         <size>0x13</size>
         <input_file_ref idref="fl-15"/>
      </object_component>
      <object_component id="oc-2e6">
         <name>.text:SCI_disableLoopback</name>
         <load_address>0x82afc</load_address>
         <run_address>0x82afc</run_address>
         <size>0x11</size>
         <input_file_ref idref="fl-3"/>
      </object_component>
      <object_component id="oc-31a">
         <name>.text:DCC_isBaseValid</name>
         <load_address>0x82b0d</load_address>
         <run_address>0x82b0d</run_address>
         <size>0x10</size>
         <input_file_ref idref="fl-16"/>
      </object_component>
      <object_component id="oc-df">
         <name>.text:Device_initGPIO</name>
         <load_address>0x82b1d</load_address>
         <run_address>0x82b1d</run_address>
         <size>0x10</size>
         <input_file_ref idref="fl-7"/>
      </object_component>
      <object_component id="oc-1a3">
         <name>.text:Flash_isCtrlBaseValid</name>
         <load_address>0x82b2d</load_address>
         <run_address>0x82b2d</run_address>
         <size>0x10</size>
         <input_file_ref idref="fl-12"/>
      </object_component>
      <object_component id="oc-1aa">
         <name>.text:Flash_isECCBaseValid</name>
         <load_address>0x82b3d</load_address>
         <run_address>0x82b3d</run_address>
         <size>0x10</size>
         <input_file_ref idref="fl-12"/>
      </object_component>
      <object_component id="oc-142">
         <name>.text:ASysCtl_disableDCDC</name>
         <load_address>0x82b4d</load_address>
         <run_address>0x82b4d</run_address>
         <size>0xf</size>
         <input_file_ref idref="fl-7"/>
      </object_component>
      <object_component id="oc-16b">
         <name>.text:Interrupt_defaultHandler</name>
         <load_address>0x82b5c</load_address>
         <run_address>0x82b5c</run_address>
         <size>0xe</size>
         <input_file_ref idref="fl-14"/>
      </object_component>
      <object_component id="oc-b1">
         <name>.text:main</name>
         <load_address>0x82b6a</load_address>
         <run_address>0x82b6a</run_address>
         <size>0xe</size>
         <input_file_ref idref="fl-5"/>
      </object_component>
      <object_component id="oc-163">
         <name>.text:Interrupt_disableMaster</name>
         <load_address>0x82b78</load_address>
         <run_address>0x82b78</run_address>
         <size>0xd</size>
         <input_file_ref idref="fl-14"/>
      </object_component>
      <object_component id="oc-123">
         <name>.text:SysCtl_setLowSpeedClock</name>
         <load_address>0x82b85</load_address>
         <run_address>0x82b85</run_address>
         <size>0xd</size>
         <input_file_ref idref="fl-7"/>
      </object_component>
      <object_component id="oc-6f">
         <name>.text</name>
         <load_address>0x82b92</load_address>
         <run_address>0x82b92</run_address>
         <size>0xc</size>
         <input_file_ref idref="fl-2d"/>
      </object_component>
      <object_component id="oc-1e3">
         <name>.text:SysCtl_isMCDClockFailureDetected</name>
         <load_address>0x82b9e</load_address>
         <run_address>0x82b9e</run_address>
         <size>0xb</size>
         <input_file_ref idref="fl-16"/>
      </object_component>
      <object_component id="oc-f1">
         <name>.text:Board_init</name>
         <load_address>0x82ba9</load_address>
         <run_address>0x82ba9</run_address>
         <size>0x9</size>
         <input_file_ref idref="fl-3"/>
      </object_component>
      <object_component id="oc-fe">
         <name>.text</name>
         <load_address>0x82bb2</load_address>
         <run_address>0x82bb2</run_address>
         <size>0x9</size>
         <input_file_ref idref="fl-2c"/>
      </object_component>
      <object_component id="oc-111">
         <name>.text:SysCtl_disableWatchdog</name>
         <load_address>0x82bbb</load_address>
         <run_address>0x82bbb</run_address>
         <size>0x8</size>
         <input_file_ref idref="fl-7"/>
      </object_component>
      <object_component id="oc-1a">
         <name>.text:decompress:none</name>
         <load_address>0x82bc3</load_address>
         <run_address>0x82bc3</run_address>
         <size>0x8</size>
         <input_file_ref idref="fl-29"/>
      </object_component>
      <object_component id="oc-43">
         <name>.text</name>
         <load_address>0x82bcb</load_address>
         <run_address>0x82bcb</run_address>
         <size>0x8</size>
         <input_file_ref idref="fl-8"/>
      </object_component>
      <object_component id="oc-311">
         <name>.text:SysCtl_resetMCD</name>
         <load_address>0x82bd3</load_address>
         <run_address>0x82bd3</run_address>
         <size>0x7</size>
         <input_file_ref idref="fl-16"/>
      </object_component>
      <object_component id="oc-130">
         <name>.text:__error__</name>
         <load_address>0x82bda</load_address>
         <run_address>0x82bda</run_address>
         <size>0x7</size>
         <input_file_ref idref="fl-7"/>
      </object_component>
      <object_component id="oc-184">
         <name>.text:GPIO_init</name>
         <load_address>0x82be1</load_address>
         <run_address>0x82be1</run_address>
         <size>0x5</size>
         <input_file_ref idref="fl-3"/>
      </object_component>
      <object_component id="oc-18a">
         <name>.text:SCI_init</name>
         <load_address>0x82be6</load_address>
         <run_address>0x82be6</run_address>
         <size>0x3</size>
         <input_file_ref idref="fl-3"/>
      </object_component>
      <object_component id="oc-177">
         <name>.text:Interrupt_illegalOperationHandler</name>
         <load_address>0x82be9</load_address>
         <run_address>0x82be9</run_address>
         <size>0x2</size>
         <input_file_ref idref="fl-14"/>
      </object_component>
      <object_component id="oc-171">
         <name>.text:Interrupt_nmiHandler</name>
         <load_address>0x82beb</load_address>
         <run_address>0x82beb</run_address>
         <size>0x2</size>
         <input_file_ref idref="fl-14"/>
      </object_component>
      <object_component id="oc-68">
         <name>.text</name>
         <load_address>0x82bed</load_address>
         <run_address>0x82bed</run_address>
         <size>0x2</size>
         <input_file_ref idref="fl-26"/>
      </object_component>
      <object_component id="oc-c4">
         <name>.text</name>
         <load_address>0x82bef</load_address>
         <run_address>0x82bef</run_address>
         <size>0x1</size>
         <input_file_ref idref="fl-30"/>
      </object_component>
      <object_component id="oc-396">
         <name>.cinit..data.load</name>
         <load_address>0x81128</load_address>
         <run_address>0x81128</run_address>
         <size>0x9</size>
      </object_component>
      <object_component id="oc-394">
         <name>__TI_handler_table</name>
         <load_address>0x81132</load_address>
         <run_address>0x81132</run_address>
         <size>0x4</size>
      </object_component>
      <object_component id="oc-395">
         <name>__TI_cinit_table</name>
         <load_address>0x81138</load_address>
         <run_address>0x81138</run_address>
         <size>0x4</size>
      </object_component>
      <object_component id="oc-2c">
         <name>.stack</name>
         <uninitialized>true</uninitialized>
         <run_address>0x400</run_address>
         <size>0x0</size>
         <input_file_ref idref="fl-22"/>
      </object_component>
      <object_component id="oc-397">
         <name>.stack</name>
         <uninitialized>true</uninitialized>
         <run_address>0x400</run_address>
         <size>0x0</size>
      </object_component>
      <object_component id="oc-b9">
         <name>.data</name>
         <load_address>0xa800</load_address>
         <run_address>0xa800</run_address>
         <size>0x6</size>
         <input_file_ref idref="fl-2b"/>
      </object_component>
      <object_component id="oc-bc">
         <name>.data:_lock</name>
         <load_address>0xa806</load_address>
         <run_address>0xa806</run_address>
         <size>0x2</size>
         <input_file_ref idref="fl-2c"/>
      </object_component>
      <object_component id="oc-195">
         <name>.data:_unlock</name>
         <load_address>0xa808</load_address>
         <run_address>0xa808</run_address>
         <size>0x2</size>
         <input_file_ref idref="fl-2c"/>
      </object_component>
      <object_component id="oc-1a9">
         <name>.const:.string</name>
         <load_address>0x84000</load_address>
         <run_address>0x84000</run_address>
         <size>0x9b</size>
         <input_file_ref idref="fl-12"/>
      </object_component>
      <object_component id="oc-1e2">
         <name>.const:.string</name>
         <load_address>0x8409c</load_address>
         <run_address>0x8409c</run_address>
         <size>0x9a</size>
         <input_file_ref idref="fl-16"/>
      </object_component>
      <object_component id="oc-20a">
         <name>.const:.string</name>
         <load_address>0x84136</load_address>
         <run_address>0x84136</run_address>
         <size>0x98</size>
         <input_file_ref idref="fl-13"/>
      </object_component>
      <object_component id="oc-33b">
         <name>.const:.string</name>
         <load_address>0x841ce</load_address>
         <run_address>0x841ce</run_address>
         <size>0x97</size>
         <input_file_ref idref="fl-15"/>
      </object_component>
      <object_component id="oc-332">
         <name>.const:.string</name>
         <load_address>0x84266</load_address>
         <run_address>0x84266</run_address>
         <size>0x87</size>
         <input_file_ref idref="fl-3"/>
      </object_component>
      <object_component id="oc-12f">
         <name>.const:.string</name>
         <load_address>0x842ee</load_address>
         <run_address>0x842ee</run_address>
         <size>0x59</size>
         <input_file_ref idref="fl-7"/>
      </object_component>
      <object_component id="oc-117">
         <name>.TI.ramfunc:Flash_initModule</name>
         <load_address>0x81000</load_address>
         <run_address>0x8000</run_address>
         <size>0x44</size>
         <input_file_ref idref="fl-12"/>
      </object_component>
      <object_component id="oc-1b0">
         <name>.TI.ramfunc:Flash_setBankPowerMode</name>
         <load_address>0x81044</load_address>
         <run_address>0x8044</run_address>
         <size>0x2c</size>
         <input_file_ref idref="fl-12"/>
      </object_component>
      <object_component id="oc-1c8">
         <name>.TI.ramfunc:Flash_setWaitstates</name>
         <load_address>0x81070</load_address>
         <run_address>0x8070</run_address>
         <size>0x23</size>
         <input_file_ref idref="fl-12"/>
      </object_component>
      <object_component id="oc-1b6">
         <name>.TI.ramfunc:Flash_setPumpPowerMode</name>
         <load_address>0x81093</load_address>
         <run_address>0x8093</run_address>
         <size>0x1d</size>
         <input_file_ref idref="fl-12"/>
      </object_component>
      <object_component id="oc-1bc">
         <name>.TI.ramfunc:Flash_disableCache</name>
         <load_address>0x810b0</load_address>
         <run_address>0x80b0</run_address>
         <size>0x18</size>
         <input_file_ref idref="fl-12"/>
      </object_component>
      <object_component id="oc-1c2">
         <name>.TI.ramfunc:Flash_disablePrefetch</name>
         <load_address>0x810c8</load_address>
         <run_address>0x80c8</run_address>
         <size>0x18</size>
         <input_file_ref idref="fl-12"/>
      </object_component>
      <object_component id="oc-1ce">
         <name>.TI.ramfunc:Flash_enableCache</name>
         <load_address>0x810e0</load_address>
         <run_address>0x80e0</run_address>
         <size>0x17</size>
         <input_file_ref idref="fl-12"/>
      </object_component>
      <object_component id="oc-1d4">
         <name>.TI.ramfunc:Flash_enablePrefetch</name>
         <load_address>0x810f7</load_address>
         <run_address>0x80f7</run_address>
         <size>0x17</size>
         <input_file_ref idref="fl-12"/>
      </object_component>
      <object_component id="oc-1da">
         <name>.TI.ramfunc:Flash_enableECC</name>
         <load_address>0x8110e</load_address>
         <run_address>0x810e</run_address>
         <size>0x16</size>
         <input_file_ref idref="fl-12"/>
      </object_component>
      <object_component id="oc-1ef">
         <name>.TI.ramfunc</name>
         <load_address>0x81124</load_address>
         <run_address>0x8124</run_address>
         <size>0x4</size>
         <input_file_ref idref="fl-16"/>
      </object_component>
      <object_component id="oc-191">
         <name>.debug_types</name>
         <load_address>0x0</load_address>
         <run_address>0x0</run_address>
         <size>0x99a</size>
         <input_file_ref idref="fl-3"/>
      </object_component>
      <object_component id="oc-f8">
         <name>.debug_types</name>
         <load_address>0x0</load_address>
         <run_address>0x0</run_address>
         <size>0x0</size>
         <input_file_ref idref="fl-5"/>
      </object_component>
      <object_component id="oc-15b">
         <name>.debug_types</name>
         <load_address>0x99a</load_address>
         <run_address>0x99a</run_address>
         <size>0xbe4</size>
         <input_file_ref idref="fl-7"/>
      </object_component>
      <object_component id="oc-1e1">
         <name>.debug_types</name>
         <load_address>0x157e</load_address>
         <run_address>0x157e</run_address>
         <size>0x1e9</size>
         <input_file_ref idref="fl-12"/>
      </object_component>
      <object_component id="oc-20c">
         <name>.debug_types</name>
         <load_address>0x1767</load_address>
         <run_address>0x1767</run_address>
         <size>0x24d</size>
         <input_file_ref idref="fl-13"/>
      </object_component>
      <object_component id="oc-16a">
         <name>.debug_types</name>
         <load_address>0x0</load_address>
         <run_address>0x0</run_address>
         <size>0x0</size>
         <input_file_ref idref="fl-14"/>
      </object_component>
      <object_component id="oc-343">
         <name>.debug_types</name>
         <load_address>0x19b4</load_address>
         <run_address>0x19b4</run_address>
         <size>0xe3</size>
         <input_file_ref idref="fl-15"/>
      </object_component>
      <object_component id="oc-1f7">
         <name>.debug_types</name>
         <load_address>0x1a97</load_address>
         <run_address>0x1a97</run_address>
         <size>0x1d4</size>
         <input_file_ref idref="fl-16"/>
      </object_component>
      <object_component id="oc-4d">
         <name>.debug_types</name>
         <load_address>0x1c6b</load_address>
         <run_address>0x1c6b</run_address>
         <size>0x142</size>
         <input_file_ref idref="fl-25"/>
      </object_component>
      <object_component id="oc-80">
         <name>.debug_types</name>
         <load_address>0x0</load_address>
         <run_address>0x0</run_address>
         <size>0x0</size>
         <input_file_ref idref="fl-26"/>
      </object_component>
      <object_component id="oc-cb">
         <name>.debug_types</name>
         <load_address>0x1dad</load_address>
         <run_address>0x1dad</run_address>
         <size>0x4bd</size>
         <input_file_ref idref="fl-27"/>
      </object_component>
      <object_component id="oc-36">
         <name>.debug_types</name>
         <load_address>0x226a</load_address>
         <run_address>0x226a</run_address>
         <size>0x194</size>
         <input_file_ref idref="fl-29"/>
      </object_component>
      <object_component id="oc-2e">
         <name>.debug_types</name>
         <load_address>0x23fe</load_address>
         <run_address>0x23fe</run_address>
         <size>0x191</size>
         <input_file_ref idref="fl-2a"/>
      </object_component>
      <object_component id="oc-c0">
         <name>.debug_types</name>
         <load_address>0x258f</load_address>
         <run_address>0x258f</run_address>
         <size>0xbf</size>
         <input_file_ref idref="fl-2b"/>
      </object_component>
      <object_component id="oc-106">
         <name>.debug_types</name>
         <load_address>0x264e</load_address>
         <run_address>0x264e</run_address>
         <size>0x2f</size>
         <input_file_ref idref="fl-2c"/>
      </object_component>
      <object_component id="oc-b8">
         <name>.debug_types</name>
         <load_address>0x267d</load_address>
         <run_address>0x267d</run_address>
         <size>0xe1</size>
         <input_file_ref idref="fl-2d"/>
      </object_component>
      <object_component id="oc-10b">
         <name>.debug_types</name>
         <load_address>0x0</load_address>
         <run_address>0x0</run_address>
         <size>0x0</size>
         <input_file_ref idref="fl-30"/>
      </object_component>
      <object_component id="oc-32d">
         <name>.debug_info</name>
         <load_address>0x0</load_address>
         <run_address>0x0</run_address>
         <size>0x176</size>
         <input_file_ref idref="fl-3"/>
      </object_component>
      <object_component id="oc-2b5">
         <name>.debug_info</name>
         <load_address>0x176</load_address>
         <run_address>0x176</run_address>
         <size>0x1cf</size>
         <input_file_ref idref="fl-3"/>
      </object_component>
      <object_component id="oc-345">
         <name>.debug_info</name>
         <load_address>0x345</load_address>
         <run_address>0x345</run_address>
         <size>0x177</size>
         <input_file_ref idref="fl-3"/>
      </object_component>
      <object_component id="oc-2f9">
         <name>.debug_info</name>
         <load_address>0x4bc</load_address>
         <run_address>0x4bc</run_address>
         <size>0x1f7</size>
         <input_file_ref idref="fl-3"/>
      </object_component>
      <object_component id="oc-305">
         <name>.debug_info</name>
         <load_address>0x6b3</load_address>
         <run_address>0x6b3</run_address>
         <size>0x197</size>
         <input_file_ref idref="fl-3"/>
      </object_component>
      <object_component id="oc-2ff">
         <name>.debug_info</name>
         <load_address>0x84a</load_address>
         <run_address>0x84a</run_address>
         <size>0x193</size>
         <input_file_ref idref="fl-3"/>
      </object_component>
      <object_component id="oc-2d5">
         <name>.debug_info</name>
         <load_address>0x9dd</load_address>
         <run_address>0x9dd</run_address>
         <size>0x195</size>
         <input_file_ref idref="fl-3"/>
      </object_component>
      <object_component id="oc-2cf">
         <name>.debug_info</name>
         <load_address>0xb72</load_address>
         <run_address>0xb72</run_address>
         <size>0x195</size>
         <input_file_ref idref="fl-3"/>
      </object_component>
      <object_component id="oc-2db">
         <name>.debug_info</name>
         <load_address>0xd07</load_address>
         <run_address>0xd07</run_address>
         <size>0x199</size>
         <input_file_ref idref="fl-3"/>
      </object_component>
      <object_component id="oc-2ed">
         <name>.debug_info</name>
         <load_address>0xea0</load_address>
         <run_address>0xea0</run_address>
         <size>0x1a7</size>
         <input_file_ref idref="fl-3"/>
      </object_component>
      <object_component id="oc-2e7">
         <name>.debug_info</name>
         <load_address>0x1047</load_address>
         <run_address>0x1047</run_address>
         <size>0x19d</size>
         <input_file_ref idref="fl-3"/>
      </object_component>
      <object_component id="oc-2c9">
         <name>.debug_info</name>
         <load_address>0x11e4</load_address>
         <run_address>0x11e4</run_address>
         <size>0x1a5</size>
         <input_file_ref idref="fl-3"/>
      </object_component>
      <object_component id="oc-f2">
         <name>.debug_info</name>
         <load_address>0x1389</load_address>
         <run_address>0x1389</run_address>
         <size>0x13e</size>
         <input_file_ref idref="fl-3"/>
      </object_component>
      <object_component id="oc-180">
         <name>.debug_info</name>
         <load_address>0x14c7</load_address>
         <run_address>0x14c7</run_address>
         <size>0x1da</size>
         <input_file_ref idref="fl-3"/>
      </object_component>
      <object_component id="oc-185">
         <name>.debug_info</name>
         <load_address>0x16a1</load_address>
         <run_address>0x16a1</run_address>
         <size>0x143</size>
         <input_file_ref idref="fl-3"/>
      </object_component>
      <object_component id="oc-228">
         <name>.debug_info</name>
         <load_address>0x17e4</load_address>
         <run_address>0x17e4</run_address>
         <size>0x1a0</size>
         <input_file_ref idref="fl-3"/>
      </object_component>
      <object_component id="oc-22f">
         <name>.debug_info</name>
         <load_address>0x1984</load_address>
         <run_address>0x1984</run_address>
         <size>0x1a2</size>
         <input_file_ref idref="fl-3"/>
      </object_component>
      <object_component id="oc-18c">
         <name>.debug_info</name>
         <load_address>0x1b26</load_address>
         <run_address>0x1b26</run_address>
         <size>0x124</size>
         <input_file_ref idref="fl-3"/>
      </object_component>
      <object_component id="oc-235">
         <name>.debug_info</name>
         <load_address>0x1c4a</load_address>
         <run_address>0x1c4a</run_address>
         <size>0x248</size>
         <input_file_ref idref="fl-3"/>
      </object_component>
      <object_component id="oc-b2">
         <name>.debug_info</name>
         <load_address>0x1e92</load_address>
         <run_address>0x1e92</run_address>
         <size>0x189</size>
         <input_file_ref idref="fl-5"/>
      </object_component>
      <object_component id="oc-1fd">
         <name>.debug_info</name>
         <load_address>0x201b</load_address>
         <run_address>0x201b</run_address>
         <size>0x1be</size>
         <input_file_ref idref="fl-7"/>
      </object_component>
      <object_component id="oc-124">
         <name>.debug_info</name>
         <load_address>0x21d9</load_address>
         <run_address>0x21d9</run_address>
         <size>0x192</size>
         <input_file_ref idref="fl-7"/>
      </object_component>
      <object_component id="oc-115">
         <name>.debug_info</name>
         <load_address>0x236b</load_address>
         <run_address>0x236b</run_address>
         <size>0x165</size>
         <input_file_ref idref="fl-7"/>
      </object_component>
      <object_component id="oc-144">
         <name>.debug_info</name>
         <load_address>0x24d0</load_address>
         <run_address>0x24d0</run_address>
         <size>0x172</size>
         <input_file_ref idref="fl-7"/>
      </object_component>
      <object_component id="oc-15f">
         <name>.debug_info</name>
         <load_address>0x2642</load_address>
         <run_address>0x2642</run_address>
         <size>0x1c1</size>
         <input_file_ref idref="fl-7"/>
      </object_component>
      <object_component id="oc-db">
         <name>.debug_info</name>
         <load_address>0x2803</load_address>
         <run_address>0x2803</run_address>
         <size>0x2a8</size>
         <input_file_ref idref="fl-7"/>
      </object_component>
      <object_component id="oc-13e">
         <name>.debug_info</name>
         <load_address>0x2aab</load_address>
         <run_address>0x2aab</run_address>
         <size>0x806</size>
         <input_file_ref idref="fl-7"/>
      </object_component>
      <object_component id="oc-e2">
         <name>.debug_info</name>
         <load_address>0x32b1</load_address>
         <run_address>0x32b1</run_address>
         <size>0x173</size>
         <input_file_ref idref="fl-7"/>
      </object_component>
      <object_component id="oc-133">
         <name>.debug_info</name>
         <load_address>0x3424</load_address>
         <run_address>0x3424</run_address>
         <size>0x162</size>
         <input_file_ref idref="fl-7"/>
      </object_component>
      <object_component id="oc-22">
         <name>.debug_info</name>
         <load_address>0x3586</load_address>
         <run_address>0x3586</run_address>
         <size>0x115</size>
         <input_file_ref idref="fl-8"/>
      </object_component>
      <object_component id="oc-45">
         <name>.debug_info</name>
         <load_address>0x369b</load_address>
         <run_address>0x369b</run_address>
         <size>0x116</size>
         <input_file_ref idref="fl-8"/>
      </object_component>
      <object_component id="oc-1a5">
         <name>.debug_info</name>
         <load_address>0x37b1</load_address>
         <run_address>0x37b1</run_address>
         <size>0x1e7</size>
         <input_file_ref idref="fl-12"/>
      </object_component>
      <object_component id="oc-1ad">
         <name>.debug_info</name>
         <load_address>0x3998</load_address>
         <run_address>0x3998</run_address>
         <size>0x1e3</size>
         <input_file_ref idref="fl-12"/>
      </object_component>
      <object_component id="oc-1cb">
         <name>.debug_info</name>
         <load_address>0x3b7b</load_address>
         <run_address>0x3b7b</run_address>
         <size>0x242</size>
         <input_file_ref idref="fl-12"/>
      </object_component>
      <object_component id="oc-1b3">
         <name>.debug_info</name>
         <load_address>0x3dbd</load_address>
         <run_address>0x3dbd</run_address>
         <size>0x259</size>
         <input_file_ref idref="fl-12"/>
      </object_component>
      <object_component id="oc-1b8">
         <name>.debug_info</name>
         <load_address>0x4016</load_address>
         <run_address>0x4016</run_address>
         <size>0x238</size>
         <input_file_ref idref="fl-12"/>
      </object_component>
      <object_component id="oc-1d5">
         <name>.debug_info</name>
         <load_address>0x424e</load_address>
         <run_address>0x424e</run_address>
         <size>0x209</size>
         <input_file_ref idref="fl-12"/>
      </object_component>
      <object_component id="oc-1c4">
         <name>.debug_info</name>
         <load_address>0x4457</load_address>
         <run_address>0x4457</run_address>
         <size>0x20b</size>
         <input_file_ref idref="fl-12"/>
      </object_component>
      <object_component id="oc-1cf">
         <name>.debug_info</name>
         <load_address>0x4662</load_address>
         <run_address>0x4662</run_address>
         <size>0x203</size>
         <input_file_ref idref="fl-12"/>
      </object_component>
      <object_component id="oc-1bd">
         <name>.debug_info</name>
         <load_address>0x4865</load_address>
         <run_address>0x4865</run_address>
         <size>0x205</size>
         <input_file_ref idref="fl-12"/>
      </object_component>
      <object_component id="oc-1db">
         <name>.debug_info</name>
         <load_address>0x4a6a</load_address>
         <run_address>0x4a6a</run_address>
         <size>0x1fc</size>
         <input_file_ref idref="fl-12"/>
      </object_component>
      <object_component id="oc-119">
         <name>.debug_info</name>
         <load_address>0x4c66</load_address>
         <run_address>0x4c66</run_address>
         <size>0x35e</size>
         <input_file_ref idref="fl-12"/>
      </object_component>
      <object_component id="oc-207">
         <name>.debug_info</name>
         <load_address>0x4fc4</load_address>
         <run_address>0x4fc4</run_address>
         <size>0x1cf</size>
         <input_file_ref idref="fl-13"/>
      </object_component>
      <object_component id="oc-14f">
         <name>.debug_info</name>
         <load_address>0x5193</load_address>
         <run_address>0x5193</run_address>
         <size>0x247</size>
         <input_file_ref idref="fl-13"/>
      </object_component>
      <object_component id="oc-149">
         <name>.debug_info</name>
         <load_address>0x53da</load_address>
         <run_address>0x53da</run_address>
         <size>0x230</size>
         <input_file_ref idref="fl-13"/>
      </object_component>
      <object_component id="oc-223">
         <name>.debug_info</name>
         <load_address>0x560a</load_address>
         <run_address>0x560a</run_address>
         <size>0x278</size>
         <input_file_ref idref="fl-13"/>
      </object_component>
      <object_component id="oc-2bc">
         <name>.debug_info</name>
         <load_address>0x5882</load_address>
         <run_address>0x5882</run_address>
         <size>0x258</size>
         <input_file_ref idref="fl-13"/>
      </object_component>
      <object_component id="oc-156">
         <name>.debug_info</name>
         <load_address>0x5ada</load_address>
         <run_address>0x5ada</run_address>
         <size>0x22c</size>
         <input_file_ref idref="fl-13"/>
      </object_component>
      <object_component id="oc-21c">
         <name>.debug_info</name>
         <load_address>0x5d06</load_address>
         <run_address>0x5d06</run_address>
         <size>0x219</size>
         <input_file_ref idref="fl-13"/>
      </object_component>
      <object_component id="oc-165">
         <name>.debug_info</name>
         <load_address>0x5f1f</load_address>
         <run_address>0x5f1f</run_address>
         <size>0x1cc</size>
         <input_file_ref idref="fl-14"/>
      </object_component>
      <object_component id="oc-16f">
         <name>.debug_info</name>
         <load_address>0x60eb</load_address>
         <run_address>0x60eb</run_address>
         <size>0x1e6</size>
         <input_file_ref idref="fl-14"/>
      </object_component>
      <object_component id="oc-178">
         <name>.debug_info</name>
         <load_address>0x62d1</load_address>
         <run_address>0x62d1</run_address>
         <size>0x1cc</size>
         <input_file_ref idref="fl-14"/>
      </object_component>
      <object_component id="oc-174">
         <name>.debug_info</name>
         <load_address>0x649d</load_address>
         <run_address>0x649d</run_address>
         <size>0x1b2</size>
         <input_file_ref idref="fl-14"/>
      </object_component>
      <object_component id="oc-e6">
         <name>.debug_info</name>
         <load_address>0x664f</load_address>
         <run_address>0x664f</run_address>
         <size>0x1d9</size>
         <input_file_ref idref="fl-14"/>
      </object_component>
      <object_component id="oc-ed">
         <name>.debug_info</name>
         <load_address>0x6828</load_address>
         <run_address>0x6828</run_address>
         <size>0x1d4</size>
         <input_file_ref idref="fl-14"/>
      </object_component>
      <object_component id="oc-337">
         <name>.debug_info</name>
         <load_address>0x69fc</load_address>
         <run_address>0x69fc</run_address>
         <size>0x1cf</size>
         <input_file_ref idref="fl-15"/>
      </object_component>
      <object_component id="oc-356">
         <name>.debug_info</name>
         <load_address>0x6bcb</load_address>
         <run_address>0x6bcb</run_address>
         <size>0x1ef</size>
         <input_file_ref idref="fl-15"/>
      </object_component>
      <object_component id="oc-34f">
         <name>.debug_info</name>
         <load_address>0x6dba</load_address>
         <run_address>0x6dba</run_address>
         <size>0x1f1</size>
         <input_file_ref idref="fl-15"/>
      </object_component>
      <object_component id="oc-33d">
         <name>.debug_info</name>
         <load_address>0x6fab</load_address>
         <run_address>0x6fab</run_address>
         <size>0x1ff</size>
         <input_file_ref idref="fl-15"/>
      </object_component>
      <object_component id="oc-2e2">
         <name>.debug_info</name>
         <load_address>0x71aa</load_address>
         <run_address>0x71aa</run_address>
         <size>0x27f</size>
         <input_file_ref idref="fl-15"/>
      </object_component>
      <object_component id="oc-2f3">
         <name>.debug_info</name>
         <load_address>0x7429</load_address>
         <run_address>0x7429</run_address>
         <size>0x208</size>
         <input_file_ref idref="fl-15"/>
      </object_component>
      <object_component id="oc-2c3">
         <name>.debug_info</name>
         <load_address>0x7631</load_address>
         <run_address>0x7631</run_address>
         <size>0x232</size>
         <input_file_ref idref="fl-15"/>
      </object_component>
      <object_component id="oc-25c">
         <name>.debug_info</name>
         <load_address>0x7863</load_address>
         <run_address>0x7863</run_address>
         <size>0x215</size>
         <input_file_ref idref="fl-16"/>
      </object_component>
      <object_component id="oc-1e4">
         <name>.debug_info</name>
         <load_address>0x7a78</load_address>
         <run_address>0x7a78</run_address>
         <size>0x1d8</size>
         <input_file_ref idref="fl-16"/>
      </object_component>
      <object_component id="oc-312">
         <name>.debug_info</name>
         <load_address>0x7c50</load_address>
         <run_address>0x7c50</run_address>
         <size>0x1ae</size>
         <input_file_ref idref="fl-16"/>
      </object_component>
      <object_component id="oc-31b">
         <name>.debug_info</name>
         <load_address>0x7dfe</load_address>
         <run_address>0x7dfe</run_address>
         <size>0x1d2</size>
         <input_file_ref idref="fl-16"/>
      </object_component>
      <object_component id="oc-2a4">
         <name>.debug_info</name>
         <load_address>0x7fd0</load_address>
         <run_address>0x7fd0</run_address>
         <size>0x1f0</size>
         <input_file_ref idref="fl-16"/>
      </object_component>
      <object_component id="oc-26e">
         <name>.debug_info</name>
         <load_address>0x81c0</load_address>
         <run_address>0x81c0</run_address>
         <size>0x1f2</size>
         <input_file_ref idref="fl-16"/>
      </object_component>
      <object_component id="oc-298">
         <name>.debug_info</name>
         <load_address>0x83b2</load_address>
         <run_address>0x83b2</run_address>
         <size>0x1fc</size>
         <input_file_ref idref="fl-16"/>
      </object_component>
      <object_component id="oc-29e">
         <name>.debug_info</name>
         <load_address>0x85ae</load_address>
         <run_address>0x85ae</run_address>
         <size>0x1fa</size>
         <input_file_ref idref="fl-16"/>
      </object_component>
      <object_component id="oc-274">
         <name>.debug_info</name>
         <load_address>0x87a8</load_address>
         <run_address>0x87a8</run_address>
         <size>0x1fe</size>
         <input_file_ref idref="fl-16"/>
      </object_component>
      <object_component id="oc-27a">
         <name>.debug_info</name>
         <load_address>0x89a6</load_address>
         <run_address>0x89a6</run_address>
         <size>0x1fc</size>
         <input_file_ref idref="fl-16"/>
      </object_component>
      <object_component id="oc-292">
         <name>.debug_info</name>
         <load_address>0x8ba2</load_address>
         <run_address>0x8ba2</run_address>
         <size>0x223</size>
         <input_file_ref idref="fl-16"/>
      </object_component>
      <object_component id="oc-262">
         <name>.debug_info</name>
         <load_address>0x8dc5</load_address>
         <run_address>0x8dc5</run_address>
         <size>0x1f6</size>
         <input_file_ref idref="fl-16"/>
      </object_component>
      <object_component id="oc-268">
         <name>.debug_info</name>
         <load_address>0x8fbb</load_address>
         <run_address>0x8fbb</run_address>
         <size>0x1f4</size>
         <input_file_ref idref="fl-16"/>
      </object_component>
      <object_component id="oc-286">
         <name>.debug_info</name>
         <load_address>0x91af</load_address>
         <run_address>0x91af</run_address>
         <size>0x227</size>
         <input_file_ref idref="fl-16"/>
      </object_component>
      <object_component id="oc-280">
         <name>.debug_info</name>
         <load_address>0x93d6</load_address>
         <run_address>0x93d6</run_address>
         <size>0x227</size>
         <input_file_ref idref="fl-16"/>
      </object_component>
      <object_component id="oc-28c">
         <name>.debug_info</name>
         <load_address>0x95fd</load_address>
         <run_address>0x95fd</run_address>
         <size>0x296</size>
         <input_file_ref idref="fl-16"/>
      </object_component>
      <object_component id="oc-30c">
         <name>.debug_info</name>
         <load_address>0x9893</load_address>
         <run_address>0x9893</run_address>
         <size>0x1de</size>
         <input_file_ref idref="fl-16"/>
      </object_component>
      <object_component id="oc-12a">
         <name>.debug_info</name>
         <load_address>0x9a71</load_address>
         <run_address>0x9a71</run_address>
         <size>0x241</size>
         <input_file_ref idref="fl-16"/>
      </object_component>
      <object_component id="oc-11e">
         <name>.debug_info</name>
         <load_address>0x9cb2</load_address>
         <run_address>0x9cb2</run_address>
         <size>0x31b</size>
         <input_file_ref idref="fl-16"/>
      </object_component>
      <object_component id="oc-24f">
         <name>.debug_info</name>
         <load_address>0x9fcd</load_address>
         <run_address>0x9fcd</run_address>
         <size>0x221</size>
         <input_file_ref idref="fl-16"/>
      </object_component>
      <object_component id="oc-255">
         <name>.debug_info</name>
         <load_address>0xa1ee</load_address>
         <run_address>0xa1ee</run_address>
         <size>0x208</size>
         <input_file_ref idref="fl-16"/>
      </object_component>
      <object_component id="oc-1ea">
         <name>.debug_info</name>
         <load_address>0xa3f6</load_address>
         <run_address>0xa3f6</run_address>
         <size>0x22f</size>
         <input_file_ref idref="fl-16"/>
      </object_component>
      <object_component id="oc-137">
         <name>.debug_info</name>
         <load_address>0xa625</load_address>
         <run_address>0xa625</run_address>
         <size>0x21b</size>
         <input_file_ref idref="fl-16"/>
      </object_component>
      <object_component id="oc-1f1">
         <name>.debug_info</name>
         <load_address>0xa840</load_address>
         <run_address>0xa840</run_address>
         <size>0x42e</size>
         <input_file_ref idref="fl-16"/>
      </object_component>
      <object_component id="oc-5c">
         <name>.debug_info</name>
         <load_address>0xac6e</load_address>
         <run_address>0xac6e</run_address>
         <size>0x158</size>
         <input_file_ref idref="fl-22"/>
      </object_component>
      <object_component id="oc-30">
         <name>.debug_info</name>
         <load_address>0xadc6</load_address>
         <run_address>0xadc6</run_address>
         <size>0x19b</size>
         <input_file_ref idref="fl-25"/>
      </object_component>
      <object_component id="oc-6b">
         <name>.debug_info</name>
         <load_address>0xaf61</load_address>
         <run_address>0xaf61</run_address>
         <size>0x14d</size>
         <input_file_ref idref="fl-26"/>
      </object_component>
      <object_component id="oc-82">
         <name>.debug_info</name>
         <load_address>0xb0ae</load_address>
         <run_address>0xb0ae</run_address>
         <size>0x1bf</size>
         <input_file_ref idref="fl-27"/>
      </object_component>
      <object_component id="oc-1e">
         <name>.debug_info</name>
         <load_address>0xb26d</load_address>
         <run_address>0xb26d</run_address>
         <size>0x1b7</size>
         <input_file_ref idref="fl-29"/>
      </object_component>
      <object_component id="oc-18">
         <name>.debug_info</name>
         <load_address>0xb424</load_address>
         <run_address>0xb424</run_address>
         <size>0x20c</size>
         <input_file_ref idref="fl-2a"/>
      </object_component>
      <object_component id="oc-ba">
         <name>.debug_info</name>
         <load_address>0xb630</load_address>
         <run_address>0xb630</run_address>
         <size>0x19e</size>
         <input_file_ref idref="fl-2b"/>
      </object_component>
      <object_component id="oc-79">
         <name>.debug_info</name>
         <load_address>0xb7ce</load_address>
         <run_address>0xb7ce</run_address>
         <size>0x1a9</size>
         <input_file_ref idref="fl-2b"/>
      </object_component>
      <object_component id="oc-bd">
         <name>.debug_info</name>
         <load_address>0xb977</load_address>
         <run_address>0xb977</run_address>
         <size>0x107</size>
         <input_file_ref idref="fl-2c"/>
      </object_component>
      <object_component id="oc-196">
         <name>.debug_info</name>
         <load_address>0xba7e</load_address>
         <run_address>0xba7e</run_address>
         <size>0x10b</size>
         <input_file_ref idref="fl-2c"/>
      </object_component>
      <object_component id="oc-100">
         <name>.debug_info</name>
         <load_address>0xbb89</load_address>
         <run_address>0xbb89</run_address>
         <size>0x203</size>
         <input_file_ref idref="fl-2c"/>
      </object_component>
      <object_component id="oc-72">
         <name>.debug_info</name>
         <load_address>0xbd8c</load_address>
         <run_address>0xbd8c</run_address>
         <size>0x15d</size>
         <input_file_ref idref="fl-2d"/>
      </object_component>
      <object_component id="oc-c8">
         <name>.debug_info</name>
         <load_address>0xbee9</load_address>
         <run_address>0xbee9</run_address>
         <size>0x147</size>
         <input_file_ref idref="fl-30"/>
      </object_component>
      <object_component id="oc-399">
         <name>.debug_info</name>
         <load_address>0xc030</load_address>
         <run_address>0xc030</run_address>
         <size>0xb5</size>
      </object_component>
      <object_component id="oc-331">
         <name>.debug_line</name>
         <load_address>0x0</load_address>
         <run_address>0x0</run_address>
         <size>0x7e</size>
         <input_file_ref idref="fl-3"/>
      </object_component>
      <object_component id="oc-2b9">
         <name>.debug_line</name>
         <load_address>0x7e</load_address>
         <run_address>0x7e</run_address>
         <size>0x85</size>
         <input_file_ref idref="fl-3"/>
      </object_component>
      <object_component id="oc-349">
         <name>.debug_line</name>
         <load_address>0x103</load_address>
         <run_address>0x103</run_address>
         <size>0x7d</size>
         <input_file_ref idref="fl-3"/>
      </object_component>
      <object_component id="oc-2fd">
         <name>.debug_line</name>
         <load_address>0x180</load_address>
         <run_address>0x180</run_address>
         <size>0x7f</size>
         <input_file_ref idref="fl-3"/>
      </object_component>
      <object_component id="oc-309">
         <name>.debug_line</name>
         <load_address>0x1ff</load_address>
         <run_address>0x1ff</run_address>
         <size>0x7e</size>
         <input_file_ref idref="fl-3"/>
      </object_component>
      <object_component id="oc-303">
         <name>.debug_line</name>
         <load_address>0x27d</load_address>
         <run_address>0x27d</run_address>
         <size>0x80</size>
         <input_file_ref idref="fl-3"/>
      </object_component>
      <object_component id="oc-2d8">
         <name>.debug_line</name>
         <load_address>0x2fd</load_address>
         <run_address>0x2fd</run_address>
         <size>0x7f</size>
         <input_file_ref idref="fl-3"/>
      </object_component>
      <object_component id="oc-2d3">
         <name>.debug_line</name>
         <load_address>0x37c</load_address>
         <run_address>0x37c</run_address>
         <size>0x7f</size>
         <input_file_ref idref="fl-3"/>
      </object_component>
      <object_component id="oc-2de">
         <name>.debug_line</name>
         <load_address>0x3fb</load_address>
         <run_address>0x3fb</run_address>
         <size>0x7f</size>
         <input_file_ref idref="fl-3"/>
      </object_component>
      <object_component id="oc-2f1">
         <name>.debug_line</name>
         <load_address>0x47a</load_address>
         <run_address>0x47a</run_address>
         <size>0x7f</size>
         <input_file_ref idref="fl-3"/>
      </object_component>
      <object_component id="oc-2ea">
         <name>.debug_line</name>
         <load_address>0x4f9</load_address>
         <run_address>0x4f9</run_address>
         <size>0x7e</size>
         <input_file_ref idref="fl-3"/>
      </object_component>
      <object_component id="oc-2cc">
         <name>.debug_line</name>
         <load_address>0x577</load_address>
         <run_address>0x577</run_address>
         <size>0x7e</size>
         <input_file_ref idref="fl-3"/>
      </object_component>
      <object_component id="oc-f5">
         <name>.debug_line</name>
         <load_address>0x5f5</load_address>
         <run_address>0x5f5</run_address>
         <size>0x4a</size>
         <input_file_ref idref="fl-3"/>
      </object_component>
      <object_component id="oc-183">
         <name>.debug_line</name>
         <load_address>0x63f</load_address>
         <run_address>0x63f</run_address>
         <size>0x4f</size>
         <input_file_ref idref="fl-3"/>
      </object_component>
      <object_component id="oc-188">
         <name>.debug_line</name>
         <load_address>0x68e</load_address>
         <run_address>0x68e</run_address>
         <size>0x4a</size>
         <input_file_ref idref="fl-3"/>
      </object_component>
      <object_component id="oc-22c">
         <name>.debug_line</name>
         <load_address>0x6d8</load_address>
         <run_address>0x6d8</run_address>
         <size>0x4d</size>
         <input_file_ref idref="fl-3"/>
      </object_component>
      <object_component id="oc-232">
         <name>.debug_line</name>
         <load_address>0x725</load_address>
         <run_address>0x725</run_address>
         <size>0x4d</size>
         <input_file_ref idref="fl-3"/>
      </object_component>
      <object_component id="oc-18b">
         <name>.debug_line</name>
         <load_address>0x772</load_address>
         <run_address>0x772</run_address>
         <size>0x49</size>
         <input_file_ref idref="fl-3"/>
      </object_component>
      <object_component id="oc-238">
         <name>.debug_line</name>
         <load_address>0x7bb</load_address>
         <run_address>0x7bb</run_address>
         <size>0x54</size>
         <input_file_ref idref="fl-3"/>
      </object_component>
      <object_component id="oc-23c">
         <name>.debug_line</name>
         <load_address>0x80f</load_address>
         <run_address>0x80f</run_address>
         <size>0xb0</size>
         <input_file_ref idref="fl-3"/>
      </object_component>
      <object_component id="oc-b6">
         <name>.debug_line</name>
         <load_address>0x8bf</load_address>
         <run_address>0x8bf</run_address>
         <size>0x57</size>
         <input_file_ref idref="fl-5"/>
      </object_component>
      <object_component id="oc-193">
         <name>.debug_line</name>
         <load_address>0x916</load_address>
         <run_address>0x916</run_address>
         <size>0x21</size>
         <input_file_ref idref="fl-5"/>
      </object_component>
      <object_component id="oc-201">
         <name>.debug_line</name>
         <load_address>0x937</load_address>
         <run_address>0x937</run_address>
         <size>0x84</size>
         <input_file_ref idref="fl-7"/>
      </object_component>
      <object_component id="oc-128">
         <name>.debug_line</name>
         <load_address>0x9bb</load_address>
         <run_address>0x9bb</run_address>
         <size>0x82</size>
         <input_file_ref idref="fl-7"/>
      </object_component>
      <object_component id="oc-114">
         <name>.debug_line</name>
         <load_address>0xa3d</load_address>
         <run_address>0xa3d</run_address>
         <size>0x82</size>
         <input_file_ref idref="fl-7"/>
      </object_component>
      <object_component id="oc-146">
         <name>.debug_line</name>
         <load_address>0xabf</load_address>
         <run_address>0xabf</run_address>
         <size>0x88</size>
         <input_file_ref idref="fl-7"/>
      </object_component>
      <object_component id="oc-15e">
         <name>.debug_line</name>
         <load_address>0xb47</load_address>
         <run_address>0xb47</run_address>
         <size>0x81</size>
         <input_file_ref idref="fl-7"/>
      </object_component>
      <object_component id="oc-de">
         <name>.debug_line</name>
         <load_address>0xbc8</load_address>
         <run_address>0xbc8</run_address>
         <size>0x61</size>
         <input_file_ref idref="fl-7"/>
      </object_component>
      <object_component id="oc-140">
         <name>.debug_line</name>
         <load_address>0xc29</load_address>
         <run_address>0xc29</run_address>
         <size>0x88</size>
         <input_file_ref idref="fl-7"/>
      </object_component>
      <object_component id="oc-e4">
         <name>.debug_line</name>
         <load_address>0xcb1</load_address>
         <run_address>0xcb1</run_address>
         <size>0x4f</size>
         <input_file_ref idref="fl-7"/>
      </object_component>
      <object_component id="oc-132">
         <name>.debug_line</name>
         <load_address>0xd00</load_address>
         <run_address>0xd00</run_address>
         <size>0x4d</size>
         <input_file_ref idref="fl-7"/>
      </object_component>
      <object_component id="oc-210">
         <name>.debug_line</name>
         <load_address>0xd4d</load_address>
         <run_address>0xd4d</run_address>
         <size>0x6a</size>
         <input_file_ref idref="fl-7"/>
      </object_component>
      <object_component id="oc-25">
         <name>.debug_line</name>
         <load_address>0xdb7</load_address>
         <run_address>0xdb7</run_address>
         <size>0x55</size>
         <input_file_ref idref="fl-8"/>
      </object_component>
      <object_component id="oc-44">
         <name>.debug_line</name>
         <load_address>0xe0c</load_address>
         <run_address>0xe0c</run_address>
         <size>0x5d</size>
         <input_file_ref idref="fl-8"/>
      </object_component>
      <object_component id="oc-1a8">
         <name>.debug_line</name>
         <load_address>0xe69</load_address>
         <run_address>0xe69</run_address>
         <size>0x87</size>
         <input_file_ref idref="fl-12"/>
      </object_component>
      <object_component id="oc-1ac">
         <name>.debug_line</name>
         <load_address>0xef0</load_address>
         <run_address>0xef0</run_address>
         <size>0x87</size>
         <input_file_ref idref="fl-12"/>
      </object_component>
      <object_component id="oc-1c9">
         <name>.debug_line</name>
         <load_address>0xf77</load_address>
         <run_address>0xf77</run_address>
         <size>0x8b</size>
         <input_file_ref idref="fl-12"/>
      </object_component>
      <object_component id="oc-1b1">
         <name>.debug_line</name>
         <load_address>0x1002</load_address>
         <run_address>0x1002</run_address>
         <size>0x8a</size>
         <input_file_ref idref="fl-12"/>
      </object_component>
      <object_component id="oc-1bb">
         <name>.debug_line</name>
         <load_address>0x108c</load_address>
         <run_address>0x108c</run_address>
         <size>0x8a</size>
         <input_file_ref idref="fl-12"/>
      </object_component>
      <object_component id="oc-1d9">
         <name>.debug_line</name>
         <load_address>0x1116</load_address>
         <run_address>0x1116</run_address>
         <size>0x8a</size>
         <input_file_ref idref="fl-12"/>
      </object_component>
      <object_component id="oc-1c7">
         <name>.debug_line</name>
         <load_address>0x11a0</load_address>
         <run_address>0x11a0</run_address>
         <size>0x8a</size>
         <input_file_ref idref="fl-12"/>
      </object_component>
      <object_component id="oc-1d3">
         <name>.debug_line</name>
         <load_address>0x122a</load_address>
         <run_address>0x122a</run_address>
         <size>0x8a</size>
         <input_file_ref idref="fl-12"/>
      </object_component>
      <object_component id="oc-1c0">
         <name>.debug_line</name>
         <load_address>0x12b4</load_address>
         <run_address>0x12b4</run_address>
         <size>0x8a</size>
         <input_file_ref idref="fl-12"/>
      </object_component>
      <object_component id="oc-1de">
         <name>.debug_line</name>
         <load_address>0x133e</load_address>
         <run_address>0x133e</run_address>
         <size>0x8a</size>
         <input_file_ref idref="fl-12"/>
      </object_component>
      <object_component id="oc-118">
         <name>.debug_line</name>
         <load_address>0x13c8</load_address>
         <run_address>0x13c8</run_address>
         <size>0x92</size>
         <input_file_ref idref="fl-12"/>
      </object_component>
      <object_component id="oc-24b">
         <name>.debug_line</name>
         <load_address>0x145a</load_address>
         <run_address>0x145a</run_address>
         <size>0xc1</size>
         <input_file_ref idref="fl-12"/>
      </object_component>
      <object_component id="oc-205">
         <name>.debug_line</name>
         <load_address>0x151b</load_address>
         <run_address>0x151b</run_address>
         <size>0x86</size>
         <input_file_ref idref="fl-13"/>
      </object_component>
      <object_component id="oc-153">
         <name>.debug_line</name>
         <load_address>0x15a1</load_address>
         <run_address>0x15a1</run_address>
         <size>0x90</size>
         <input_file_ref idref="fl-13"/>
      </object_component>
      <object_component id="oc-14c">
         <name>.debug_line</name>
         <load_address>0x1631</load_address>
         <run_address>0x1631</run_address>
         <size>0x9f</size>
         <input_file_ref idref="fl-13"/>
      </object_component>
      <object_component id="oc-221">
         <name>.debug_line</name>
         <load_address>0x16d0</load_address>
         <run_address>0x16d0</run_address>
         <size>0x8d</size>
         <input_file_ref idref="fl-13"/>
      </object_component>
      <object_component id="oc-2bf">
         <name>.debug_line</name>
         <load_address>0x175d</load_address>
         <run_address>0x175d</run_address>
         <size>0x8d</size>
         <input_file_ref idref="fl-13"/>
      </object_component>
      <object_component id="oc-155">
         <name>.debug_line</name>
         <load_address>0x17ea</load_address>
         <run_address>0x17ea</run_address>
         <size>0x91</size>
         <input_file_ref idref="fl-13"/>
      </object_component>
      <object_component id="oc-21f">
         <name>.debug_line</name>
         <load_address>0x187b</load_address>
         <run_address>0x187b</run_address>
         <size>0x8d</size>
         <input_file_ref idref="fl-13"/>
      </object_component>
      <object_component id="oc-2b0">
         <name>.debug_line</name>
         <load_address>0x1908</load_address>
         <run_address>0x1908</run_address>
         <size>0xc0</size>
         <input_file_ref idref="fl-13"/>
      </object_component>
      <object_component id="oc-167">
         <name>.debug_line</name>
         <load_address>0x19c8</load_address>
         <run_address>0x19c8</run_address>
         <size>0x8b</size>
         <input_file_ref idref="fl-14"/>
      </object_component>
      <object_component id="oc-16d">
         <name>.debug_line</name>
         <load_address>0x1a53</load_address>
         <run_address>0x1a53</run_address>
         <size>0x91</size>
[...]
      <memory_area display="yes" color="green">
         <name>FLASH_BANK1_SEC4</name>
         <page_id>0x0</page_id>
         <origin>0x94000</origin>
         <length>0x1000</length>
         <used_space>0x0</used_space>
         <unused_space>0x1000</unused_space>
         <attributes>RWIX</attributes>
         <usage_details>
         </usage_details>
      </memory_area>
      <memory_area display="yes" color="green">
         <name>FLASH_BANK1_SEC5</name>
         <page_id>0x0</page_id>
         <origin>0x95000</origin>
         <length>0x1000</length>
         <used_space>0x0</used_space>
         <unused_space>0x1000</unused_space>
         <attributes>RWIX</attributes>
         <usage_details>
         </usage_details>
      </memory_area>
      <memory_area display="yes" color="green">
         <name>FLASH_BANK1_SEC6</name>
         <page_id>0x0</page_id>
         <origin>0x96000</origin>
         <length>0x1000</length>
         <used_space>0x0</used_space>
         <unused_space>0x1000</unused_space>
         <attributes>RWIX</attributes>
         <usage_details>
         </usage_details>
      </memory_area>
      <memory_area display="yes" color="green">
         <name>FLASH_BANK1_SEC7</name>
         <page_id>0x0</page_id>
         <origin>0x97000</origin>
         <length>0x1000</length>
         <used_space>0x0</used_space>
         <unused_space>0x1000</unused_space>
         <attributes>RWIX</attributes>
         <usage_details>
         </usage_details>
      </memory_area>
      <memory_area display="yes" color="green">
         <name>FLASH_BANK1_SEC8</name>
         <page_id>0x0</page_id>
         <origin>0x98000</origin>
         <length>0x1000</length>
         <used_space>0x0</used_space>
         <unused_space>0x1000</unused_space>
         <attributes>RWIX</attributes>
         <usage_details>
         </usage_details>
      </memory_area>
      <memory_area display="yes" color="green">
         <name>FLASH_BANK1_SEC9</name>
         <page_id>0x0</page_id>
         <origin>0x99000</origin>
         <length>0x1000</length>
         <used_space>0x0</used_space>
         <unused_space>0x1000</unused_space>
         <attributes>RWIX</attributes>
         <usage_details>
         </usage_details>
      </memory_area>
      <memory_area display="yes" color="green">
         <name>FLASH_BANK1_SEC10</name>
         <page_id>0x0</page_id>
         <origin>0x9a000</origin>
         <length>0x1000</length>
         <used_space>0x0</used_space>
         <unused_space>0x1000</unused_space>
         <attributes>RWIX</attributes>
         <usage_details>
         </usage_details>
      </memory_area>
      <memory_area display="yes" color="green">
         <name>FLASH_BANK1_SEC11</name>
         <page_id>0x0</page_id>
         <origin>0x9b000</origin>
         <length>0x1000</length>
         <used_space>0x0</used_space>
         <unused_space>0x1000</unused_space>
         <attributes>RWIX</attributes>
         <usage_details>
         </usage_details>
      </memory_area>
      <memory_area display="yes" color="green">
         <name>FLASH_BANK1_SEC12</name>
         <page_id>0x0</page_id>
         <origin>0x9c000</origin>
         <length>0x1000</length>
         <used_space>0x0</used_space>
         <unused_space>0x1000</unused_space>
         <attributes>RWIX</attributes>
         <usage_details>
         </usage_details>
      </memory_area>
      <memory_area display="yes" color="green">
         <name>FLASH_BANK1_SEC13</name>
         <page_id>0x0</page_id>
         <origin>0x9d000</origin>
         <length>0x1000</length>
         <used_space>0x0</used_space>
         <unused_space>0x1000</unused_space>
         <attributes>RWIX</attributes>
         <usage_details>
         </usage_details>
      </memory_area>
      <memory_area display="yes" color="green">
         <name>FLASH_BANK1_SEC14</name>
         <page_id>0x0</page_id>
         <origin>0x9e000</origin>
         <length>0x1000</length>
         <used_space>0x0</used_space>
         <unused_space>0x1000</unused_space>
         <attributes>RWIX</attributes>
         <usage_details>
         </usage_details>
      </memory_area>
      <memory_area display="yes" color="green">
         <name>FLASH_BANK1_SEC15</name>
         <page_id>0x0</page_id>
         <origin>0x9f000</origin>
         <length>0xff0</length>
         <used_space>0x0</used_space>
         <unused_space>0xff0</unused_space>
         <attributes>RWIX</attributes>
         <usage_details>
         </usage_details>
      </memory_area>
      <memory_area display="no" color="green">
         <name>RESET</name>
         <page_id>0x0</page_id>
         <origin>0x3fffc0</origin>
         <length>0x2</length>
         <used_space>0x0</used_space>
         <unused_space>0x2</unused_space>
         <attributes>RWIX</attributes>
         <usage_details>
         </usage_details>
      </memory_area>
      <memory_area display="yes" color="green">
         <name>BOOT_RSVD</name>
         <page_id>0x1</page_id>
         <origin>0x2</origin>
         <length>0xf1</length>
         <used_space>0x0</used_space>
         <unused_space>0xf1</unused_space>
         <attributes>RWIX</attributes>
         <usage_details>
         </usage_details>
      </memory_area>
      <memory_area display="yes" color="green">
         <name>RAMM1</name>
         <page_id>0x1</page_id>
         <origin>0x400</origin>
         <length>0x3f8</length>
         <used_space>0x3f8</used_space>
         <unused_space>0x0</unused_space>
         <attributes>RWIX</attributes>
         <usage_details>
            <allocated_space>
               <start_address>0x400</start_address>
               <size>0x3f8</size>
               <logical_group_ref idref="lg-7"/>
            </allocated_space>
         </usage_details>
      </memory_area>
      <memory_area display="yes" color="green">
         <name>RAMLS5</name>
         <page_id>0x1</page_id>
         <origin>0xa800</origin>
         <length>0x800</length>
         <used_space>0xa</used_space>
         <unused_space>0x7f6</unused_space>
         <attributes>RWIX</attributes>
         <usage_details>
            <allocated_space>
               <start_address>0xa800</start_address>
               <size>0xa</size>
               <logical_group_ref idref="lg-c"/>
            </allocated_space>
            <available_space>
               <start_address>0xa80a</start_address>
               <size>0x7f6</size>
            </available_space>
         </usage_details>
      </memory_area>
      <memory_area display="yes" color="green">
         <name>RAMLS6</name>
         <page_id>0x1</page_id>
         <origin>0xb000</origin>
         <length>0x800</length>
         <used_space>0x0</used_space>
         <unused_space>0x800</unused_space>
         <attributes>RWIX</attributes>
         <usage_details>
         </usage_details>
      </memory_area>
      <memory_area display="yes" color="green">
         <name>RAMLS7</name>
         <page_id>0x1</page_id>
         <origin>0xb800</origin>
         <length>0x800</length>
         <used_space>0x0</used_space>
         <unused_space>0x800</unused_space>
         <attributes>RWIX</attributes>
         <usage_details>
         </usage_details>
      </memory_area>
      <memory_area display="yes" color="green">
         <name>RAMGS0</name>
         <page_id>0x1</page_id>
         <origin>0xc000</origin>
         <length>0x2000</length>
         <used_space>0x0</used_space>
         <unused_space>0x2000</unused_space>
         <attributes>RWIX</attributes>
         <usage_details>
         </usage_details>
      </memory_area>
      <memory_area display="yes" color="green">
         <name>RAMGS1</name>
         <page_id>0x1</page_id>
         <origin>0xe000</origin>
         <length>0x2000</length>
         <used_space>0x0</used_space>
         <unused_space>0x2000</unused_space>
         <attributes>RWIX</attributes>
         <usage_details>
         </usage_details>
      </memory_area>
      <memory_area display="yes" color="green">
         <name>RAMGS2</name>
         <page_id>0x1</page_id>
         <origin>0x10000</origin>
         <length>0x2000</length>
         <used_space>0x0</used_space>
         <unused_space>0x2000</unused_space>
         <attributes>RWIX</attributes>
         <usage_details>
         </usage_details>
      </memory_area>
      <memory_area display="yes" color="green">
         <name>RAMGS3</name>
         <page_id>0x1</page_id>
         <origin>0x12000</origin>
         <length>0x1ff8</length>
         <used_space>0x0</used_space>
         <unused_space>0x1ff8</unused_space>
         <attributes>RWIX</attributes>
         <usage_details>
         </usage_details>
      </memory_area>
   </placement_map>
   <cptbl_list>
      <cptbl>
         <name>__TI_cinit_table</name>
         <cprec>
            <name>.data</name>
            <load_address>0x81128</load_address>
            <load_size>0x9</load_size>
            <run_address>0xa800</run_address>
            <run_size>0xa</run_size>
            <compression>lzss</compression>
         </cprec>
      </cptbl>
   </cptbl_list>
   <handler_table>
      <handler_table_name>__TI_handler_table</handler_table_name>
      <handler>
         <index>0x0</index>
         <name>__TI_decompress_lzss</name>
      </handler>
      <handler>
         <index>0x1</index>
         <name>__TI_decompress_none</name>
      </handler>
   </handler_table>
   <symbol_table>
      <symbol id="sm-1">
         <name>RamfuncsLoadStart</name>
         <value>0x81000</value>
      </symbol>
      <symbol id="sm-2">
         <name>RamfuncsLoadSize</name>
         <value>0x128</value>
      </symbol>
      <symbol id="sm-3">
         <name>RamfuncsLoadEnd</name>
         <value>0x81128</value>
      </symbol>
      <symbol id="sm-4">
         <name>RamfuncsRunStart</name>
         <value>0x8000</value>
      </symbol>
      <symbol id="sm-5">
         <name>RamfuncsRunSize</name>
         <value>0x128</value>
      </symbol>
      <symbol id="sm-6">
         <name>RamfuncsRunEnd</name>
         <value>0x8128</value>
      </symbol>
      <symbol id="sm-7">
         <name>__TI_CINIT_Base</name>
         <value>0x81138</value>
      </symbol>
      <symbol id="sm-8">
         <name>__TI_CINIT_Limit</name>
         <value>0x8113c</value>
      </symbol>
      <symbol id="sm-9">
         <name>__TI_CINIT_Warm</name>
         <value>0x8113c</value>
      </symbol>
      <symbol id="sm-a">
         <name>__TI_Handler_Table_Base</name>
         <value>0x81132</value>
      </symbol>
      <symbol id="sm-b">
         <name>__TI_Handler_Table_Limit</name>
         <value>0x81136</value>
      </symbol>
      <symbol id="sm-c">
         <name>__TI_STACK_SIZE</name>
         <value>0x3f8</value>
      </symbol>
      <symbol id="sm-d">
         <name>__TI_STACK_END</name>
         <value>0x7f8</value>
      </symbol>
      <symbol id="sm-e">
         <name>__TI_pprof_out_hndl</name>
         <value>0xffffffff</value>
      </symbol>
      <symbol id="sm-f">
         <name>__TI_prof_data_start</name>
         <value>0xffffffff</value>
      </symbol>
      <symbol id="sm-10">
         <name>__TI_prof_data_size</name>
         <value>0xffffffff</value>
      </symbol>
      <symbol id="sm-d6">
         <name>DATA_LOG_UART_init</name>
         <value>0x824bb</value>
         <object_component_ref idref="oc-234"/>
      </symbol>
      <symbol id="sm-d7">
         <name>ILI9341_GPIO_DCX_init</name>
         <value>0x828ca</value>
         <object_component_ref idref="oc-22d"/>
      </symbol>
      <symbol id="sm-d8">
         <name>PinMux_init</name>
         <value>0x8270b</value>
         <object_component_ref idref="oc-17e"/>
      </symbol>
      <symbol id="sm-d9">
         <name>SCI_init</name>
         <value>0x82be6</value>
         <object_component_ref idref="oc-18a"/>
      </symbol>
      <symbol id="sm-da">
         <name>Board_init</name>
         <value>0x82ba9</value>
         <object_component_ref idref="oc-f1"/>
      </symbol>
      <symbol id="sm-db">
         <name>ILI9341_GPIO_CS_init</name>
         <value>0x828b1</value>
         <object_component_ref idref="oc-227"/>
      </symbol>
      <symbol id="sm-dc">
         <name>GPIO_init</name>
         <value>0x82be1</value>
         <object_component_ref idref="oc-184"/>
      </symbol>
      <symbol id="sm-ea">
         <name>main</name>
         <value>0x82b6a</value>
         <object_component_ref idref="oc-b1"/>
      </symbol>
      <symbol id="sm-13a">
         <name>Device_enableAllPeripherals</name>
         <value>0x82000</value>
         <object_component_ref idref="oc-13c"/>
      </symbol>
      <symbol id="sm-13b">
         <name>Device_initGPIO</name>
         <value>0x82b1d</value>
         <object_component_ref idref="oc-df"/>
      </symbol>
      <symbol id="sm-13c">
         <name>Device_init</name>
         <value>0x822d7</value>
         <object_component_ref idref="oc-d9"/>
      </symbol>
      <symbol id="sm-13d">
         <name>__error__</name>
         <value>0x82bda</value>
         <object_component_ref idref="oc-130"/>
      </symbol>
      <symbol id="sm-14c">
         <name>code_start</name>
         <value>0x80000</value>
         <object_component_ref idref="oc-21"/>
      </symbol>
      <symbol id="sm-1bd">
         <name>Flash_initModule</name>
         <value>0x8000</value>
         <object_component_ref idref="oc-117"/>
      </symbol>
      <symbol id="sm-20b">
         <name>GPIO_setQualificationMode</name>
         <value>0x82621</value>
         <object_component_ref idref="oc-220"/>
      </symbol>
      <symbol id="sm-20c">
         <name>GPIO_setPadConfig</name>
         <value>0x82397</value>
         <object_component_ref idref="oc-148"/>
      </symbol>
      <symbol id="sm-20d">
         <name>GPIO_setAnalogMode</name>
         <value>0x82579</value>
         <object_component_ref idref="oc-154"/>
      </symbol>
      <symbol id="sm-20e">
         <name>GPIO_setDirectionMode</name>
         <value>0x82658</value>
         <object_component_ref idref="oc-14e"/>
      </symbol>
      <symbol id="sm-20f">
         <name>GPIO_setPinConfig</name>
         <value>0x825ea</value>
         <object_component_ref idref="oc-21a"/>
      </symbol>
      <symbol id="sm-210">
         <name>GPIO_setMasterCore</name>
         <value>0x825b3</value>
         <object_component_ref idref="oc-2ba"/>
      </symbol>
      <symbol id="sm-24d">
         <name>Interrupt_initModule</name>
         <value>0x8253c</value>
         <object_component_ref idref="oc-e5"/>
      </symbol>
      <symbol id="sm-24e">
         <name>Interrupt_initVectorTable</name>
         <value>0x82809</value>
         <object_component_ref idref="oc-eb"/>
      </symbol>
      <symbol id="sm-29f">
         <name>SCI_clearInterruptStatus</name>
         <value>0x82432</value>
         <object_component_ref idref="oc-2c2"/>
      </symbol>
      <symbol id="sm-2a0">
         <name>SCI_setConfig</name>
         <value>0x824fe</value>
         <object_component_ref idref="oc-2e0"/>
      </symbol>
      <symbol id="sm-2a1">
         <name>SCI_enableInterrupt</name>
         <value>0x82477</value>
         <object_component_ref idref="oc-2f2"/>
      </symbol>
      <symbol id="sm-3af">
         <name>SysCtl_isPLLValid</name>
         <value>0x821a7</value>
         <object_component_ref idref="oc-1f0"/>
      </symbol>
      <symbol id="sm-3b0">
         <name>SysCtl_delay</name>
         <value>0x8124</value>
         <object_component_ref idref="oc-1ef"/>
      </symbol>
      <symbol id="sm-3b1">
         <name>SysCtl_selectXTALSingleEnded</name>
         <value>0x82897</value>
         <object_component_ref idref="oc-254"/>
      </symbol>
      <symbol id="sm-3b2">
         <name>SysCtl_selectXTAL</name>
         <value>0x827a4</value>
         <object_component_ref idref="oc-24e"/>
      </symbol>
      <symbol id="sm-3b3">
         <name>SysCtl_selectOscSource</name>
         <value>0x823e9</value>
         <object_component_ref idref="oc-1e9"/>
      </symbol>
      <symbol id="sm-3b4">
         <name>SysCtl_getLowSpeedClock</name>
         <value>0x8287d</value>
         <object_component_ref idref="oc-136"/>
      </symbol>
      <symbol id="sm-3b5">
         <name>SysCtl_setClock</name>
         <value>0x820e0</value>
         <object_component_ref idref="oc-11d"/>
      </symbol>
      <symbol id="sm-3b6">
         <name>SysCtl_getClock</name>
         <value>0x82339</value>
         <object_component_ref idref="oc-129"/>
      </symbol>
      <symbol id="sm-3c0">
         <name>_c_int00</name>
         <value>0x829a1</value>
         <object_component_ref idref="oc-5a"/>
      </symbol>
      <symbol id="sm-3c1">
         <name>__stack</name>
         <value>0x400</value>
         <object_component_ref idref="oc-2c"/>
      </symbol>
      <symbol id="sm-3d5">
         <name>memcpy</name>
         <value>0x82844</value>
         <object_component_ref idref="oc-2f"/>
      </symbol>
      <symbol id="sm-3e2">
         <name>_system_pre_init</name>
         <value>0x82bed</value>
         <object_component_ref idref="oc-68"/>
      </symbol>
      <symbol id="sm-3f1">
         <name>__TI_auto_init_nobinit_nopinit</name>
         <value>0x826b7</value>
         <object_component_ref idref="oc-81"/>
      </symbol>
      <symbol id="sm-3ff">
         <name>__TI_decompress_none</name>
         <value>0x82bc3</value>
         <object_component_ref idref="oc-1a"/>
      </symbol>
      <symbol id="sm-413">
         <name>__TI_decompress_lzss</name>
         <value>0x82689</value>
         <object_component_ref idref="oc-14"/>
      </symbol>
      <symbol id="sm-429">
         <name>C$$EXIT</name>
         <value>0x826e2</value>
         <object_component_ref idref="oc-75"/>
      </symbol>
      <symbol id="sm-42a">
         <name>abort</name>
         <value>0x826e2</value>
         <object_component_ref idref="oc-75"/>
      </symbol>
      <symbol id="sm-42b">
         <name>exit</name>
         <value>0x826e4</value>
         <object_component_ref idref="oc-75"/>
      </symbol>
      <symbol id="sm-42c">
         <name>__TI_dtors_ptr</name>
         <value>0xa804</value>
         <object_component_ref idref="oc-b9"/>
      </symbol>
      <symbol id="sm-42d">
         <name>__TI_cleanup_ptr</name>
         <value>0xa802</value>
         <object_component_ref idref="oc-b9"/>
      </symbol>
      <symbol id="sm-42e">
         <name>__TI_enable_exit_profile_output</name>
         <value>0xa800</value>
         <object_component_ref idref="oc-b9"/>
      </symbol>
      <symbol id="sm-445">
         <name>_nop</name>
         <value>0x82bba</value>
         <object_component_ref idref="oc-fe"/>
      </symbol>
      <symbol id="sm-446">
         <name>_lock</name>
         <value>0xa806</value>
         <object_component_ref idref="oc-bc"/>
      </symbol>
      <symbol id="sm-447">
         <name>_unlock</name>
         <value>0xa808</value>
         <object_component_ref idref="oc-195"/>
      </symbol>
      <symbol id="sm-448">
         <name>_register_lock</name>
         <value>0x82bb6</value>
         <object_component_ref idref="oc-fe"/>
      </symbol>
      <symbol id="sm-449">
         <name>_register_unlock</name>
         <value>0x82bb2</value>
         <object_component_ref idref="oc-fe"/>
      </symbol>
      <symbol id="sm-458">
         <name>_args_main</name>
         <value>0x82b92</value>
         <object_component_ref idref="oc-6f"/>
      </symbol>
      <symbol id="sm-467">
         <name>_system_post_cinit</name>
         <value>0x82bef</value>
         <object_component_ref idref="oc-c4"/>
      </symbol>
      <symbol id="sm-469">
         <name>__c_args__</name>
         <value>0x0</value>
      </symbol>
   </symbol_table>
   <title>Link successful</title>
</link_info>
