******************************************************************************
             TMS320C2000 Linker PC v22.6.0                     
******************************************************************************
>> Linked Mon Feb  6 11:01:59 2023

OUTPUT FILE NAME:   <Mo_Test_Sapce.out>
ENTRY POINT SYMBOL: "code_start"  address: 00080000


MEMORY CONFIGURATION

         name            origin    length      used     unused   attr    fill
----------------------  --------  ---------  --------  --------  ----  --------
PAGE 0:
  RAMM0                 000000f6   0000030a  00000000  0000030a  RWIX
  RAMM0                 000000f6   0000030a  00000000  0000030a  RWIX
  RAMLS0                00008000   00000800  00000000  00000800  RWIX
  RAMLS0                00008000   00000800  00000000  00000800  RWIX
  RAMLS1                00008800   00000800  00000000  00000800  RWIX
  RAMLS1                00008800   00000800  00000000  00000800  RWIX
  RAMLS2                00009000   00000800  00000000  00000800  RWIX
  RAMLS2                00009000   00000800  00000000  00000800  RWIX
  RAMLS3                00009800   00000800  00000000  00000800  RWIX
  RAMLS3                00009800   00000800  00000000  00000800  RWIX
  RAMLS4                0000a000   00000800  00000000  00000800  RWIX
  RAMLS4                0000a000   00000800  00000000  00000800  RWIX
  BEGIN                 00080000   00000002  00000002  00000000  RWIX
  BEGIN                 00080000   00000002  00000000  00000002  RWIX
  FLASH_BANK0_SEC0      00080002   00000ffe  00000000  00000ffe  RWIX
  FLASH_BANK0_SEC0      00080002   00000ffe  00000000  00000ffe  RWIX
  FLASH_BANK0_SEC1      00081000   00001000  00000010  00000ff0  RWIX
  FLASH_BANK0_SEC1      00081000   00001000  00000000  00001000  RWIX
  FLASH_BANK0_SEC2      00082000   00001000  000000df  00000f21  RWIX
  FLASH_BANK0_SEC2      00082000   00001000  00000000  00001000  RWIX
  FLASH_BANK0_SEC3      00083000   00001000  00000000  00001000  RWIX
  FLASH_BANK0_SEC3      00083000   00001000  00000000  00001000  RWIX
  FLASH_BANK0_SEC4      00084000   00001000  00000000  00001000  RWIX
  FLASH_BANK0_SEC4      00084000   00001000  00000000  00001000  RWIX
  FLASH_BANK0_SEC5      00085000   00001000  00000000  00001000  RWIX
  FLASH_BANK0_SEC5      00085000   00001000  00000000  00001000  RWIX
  FLASH_BANK0_SEC6      00086000   00001000  00000000  00001000  RWIX
  FLASH_BANK0_SEC6      00086000   00001000  00000000  00001000  RWIX
  FLASH_BANK0_SEC7      00087000   00001000  00000000  00001000  RWIX
  FLASH_BANK0_SEC7      00087000   00001000  00000000  00001000  RWIX
  FLASH_BANK0_SEC8      00088000   00001000  00000000  00001000  RWIX
  FLASH_BANK0_SEC8      00088000   00001000  00000000  00001000  RWIX
  FLASH_BANK0_SEC9      00089000   00001000  00000000  00001000  RWIX
  FLASH_BANK0_SEC9      00089000   00001000  00000000  00001000  RWIX
  FLASH_BANK0_SEC10     0008a000   00001000  00000000  00001000  RWIX
  FLASH_BANK0_SEC10     0008a000   00001000  00000000  00001000  RWIX
  FLASH_BANK0_SEC11     0008b000   00001000  00000000  00001000  RWIX
  FLASH_BANK0_SEC11     0008b000   00001000  00000000  00001000  RWIX
  FLASH_BANK0_SEC12     0008c000   00001000  00000000  00001000  RWIX
  FLASH_BANK0_SEC12     0008c000   00001000  00000000  00001000  RWIX
  FLASH_BANK0_SEC13     0008d000   00001000  00000000  00001000  RWIX
  FLASH_BANK0_SEC13     0008d000   00001000  00000000  00001000  RWIX
  FLASH_BANK0_SEC14     0008e000   00001000  00000000  00001000  RWIX
  FLASH_BANK0_SEC14     0008e000   00001000  00000000  00001000  RWIX
  FLASH_BANK0_SEC15     0008f000   00001000  00000000  00001000  RWIX
  FLASH_BANK0_SEC15     0008f000   00001000  00000000  00001000  RWIX
  FLASH_BANK1_SEC0      00090000   00001000  00000000  00001000  RWIX
  FLASH_BANK1_SEC0      00090000   00001000  00000000  00001000  RWIX
  FLASH_BANK1_SEC1      00091000   00001000  00000000  00001000  RWIX
  FLASH_BANK1_SEC1      00091000   00001000  00000000  00001000  RWIX
  FLASH_BANK1_SEC2      00092000   00001000  00000000  00001000  RWIX
  FLASH_BANK1_SEC2      00092000   00001000  00000000  00001000  RWIX
  FLASH_BANK1_SEC3      00093000   00001000  00000000  00001000  RWIX
  FLASH_BANK1_SEC3      00093000   00001000  00000000  00001000  RWIX
  FLASH_BANK1_SEC4      00094000   00001000  00000000  00001000  RWIX
  FLASH_BANK1_SEC4      00094000   00001000  00000000  00001000  RWIX
  FLASH_BANK1_SEC5      00095000   00001000  00000000  00001000  RWIX
  FLASH_BANK1_SEC5      00095000   00001000  00000000  00001000  RWIX
  FLASH_BANK1_SEC6      00096000   00001000  00000000  00001000  RWIX
  FLASH_BANK1_SEC6      00096000   00001000  00000000  00001000  RWIX
  FLASH_BANK1_SEC7      00097000   00001000  00000000  00001000  RWIX
  FLASH_BANK1_SEC7      00097000   00001000  00000000  00001000  RWIX
  FLASH_BANK1_SEC8      00098000   00001000  00000000  00001000  RWIX
  FLASH_BANK1_SEC8      00098000   00001000  00000000  00001000  RWIX
  FLASH_BANK1_SEC9      00099000   00001000  00000000  00001000  RWIX
  FLASH_BANK1_SEC9      00099000   00001000  00000000  00001000  RWIX
  FLASH_BANK1_SEC10     0009a000   00001000  00000000  00001000  RWIX
  FLASH_BANK1_SEC10     0009a000   00001000  00000000  00001000  RWIX
  FLASH_BANK1_SEC11     0009b000   00001000  00000000  00001000  RWIX
  FLASH_BANK1_SEC11     0009b000   00001000  00000000  00001000  RWIX
  FLASH_BANK1_SEC12     0009c000   00001000  00000000  00001000  RWIX
  FLASH_BANK1_SEC12     0009c000   00001000  00000000  00001000  RWIX
  FLASH_BANK1_SEC13     0009d000   00001000  00000000  00001000  RWIX
  FLASH_BANK1_SEC13     0009d000   00001000  00000000  00001000  RWIX
  FLASH_BANK1_SEC14     0009e000   00001000  00000000  00001000  RWIX
  FLASH_BANK1_SEC14     0009e000   00001000  00000000  00001000  RWIX
  FLASH_BANK1_SEC15     0009f000   00000ff0  00000000  00000ff0  RWIX
  FLASH_BANK1_SEC15     0009f000   00000ff0  00000000  00000ff0  RWIX
  RESET                 003fffc0   00000002  00000000  00000002  RWIX
  RESET                 003fffc0   00000002  00000000  00000002  RWIX

PAGE 1:
  BOOT_RSVD             00000002   000000f1  00000000  000000f1  RWIX
  BOOT_RSVD             00000002   000000f1  00000000  000000f1  RWIX
  RAMM1                 00000400   000003f8  000003f8  00000000  RWIX
  RAMM1                 00000400   000003f8  00000000  000003f8  RWIX
  RAMLS5                0000a800   00000800  0000000a  000007f6  RWIX
  RAMLS5                0000a800   00000800  00000000  00000800  RWIX
  RAMLS6                0000b000   00000800  00000000  00000800  RWIX
  RAMLS6                0000b000   00000800  00000000  00000800  RWIX
  RAMLS7                0000b800   00000800  00000000  00000800  RWIX
  RAMLS7                0000b800   00000800  00000000  00000800  RWIX
  RAMGS0                0000c000   00002000  00000000  00002000  RWIX
  RAMGS0                0000c000   00002000  00000000  00002000  RWIX
  RAMGS1                0000e000   00002000  00000000  00002000  RWIX
  RAMGS1                0000e000   00002000  00000000  00002000  RWIX
  RAMGS2                00010000   00002000  00000000  00002000  RWIX
  RAMGS2                00010000   00002000  00000000  00002000  RWIX
  RAMGS3                00012000   00001ff8  00000000  00001ff8  RWIX
  RAMGS3                00012000   00001ff8  00000000  00001ff8  RWIX


SECTION ALLOCATION MAP

 output                                  attributes/
section   page    origin      length       input sections
--------  ----  ----------  ----------   ----------------
codestart 
*          0    00080000    00000002     
                  00080000    00000002     f28004x_codestartbranch.obj (codestart)

.cinit     0    00081000    00000010     
                  00081000    00000006     (.cinit..data.load) [load image, compression = lzss]
                  00081006    00000004     (__TI_handler_table)
                  0008100a    00000002     --HOLE-- [fill = 0]
                  0008100c    00000004     (__TI_cinit_table)

.reset     0    003fffc0    00000000     DSECT

.stack     1    00000400    000003f8     UNINITIALIZED
                  00000400    000003f8     --HOLE--

.init_array 
*          0    00081000    00000000     UNINITIALIZED

.data      1    0000a800    0000000a     UNINITIALIZED
                  0000a800    00000006     rts2800_fpu32_eabi.lib : exit.c.obj (.data)
                  0000a806    00000002                            : _lock.c.obj (.data:_lock)
                  0000a808    00000002                            : _lock.c.obj (.data:_unlock)

.TI.ramfunc 
*          0    00008000    00000000     UNINITIALIZED

.cinit     0    00081000    00000000     UNINITIALIZED

.reset     0    003fffc0    00000000     DSECT

.init_array 
*          0    00081000    00000000     UNINITIALIZED

.TI.ramfunc 
*          0    00008000    00000000     UNINITIALIZED

.text      0    00082000    000000df     
                  00082000    0000002e     rts2800_fpu32_eabi.lib : copy_decompress_lzss.c.obj (.text:decompress:lzss)
                  0008202e    0000002b                            : autoinit.c.obj (.text:__TI_auto_init_nobinit_nopinit)
                  00082059    00000029                            : exit.c.obj (.text)
                  00082082    0000001d                            : memcpy.c.obj (.text)
                  0008209f    00000017                            : boot28.asm.obj (.text)
                  000820b6    0000000c                            : args_main.c.obj (.text)
                  000820c2    00000009                            : _lock.c.obj (.text)
                  000820cb    00000008                            : copy_decompress_none.c.obj (.text:decompress:none)
                  000820d3    00000008     f28004x_codestartbranch.obj (.text)
                  000820db    00000002     rts2800_fpu32_eabi.lib : pre_init.c.obj (.text)
                  000820dd    00000001     empty_driverlib_main.obj (.text:main)
                  000820de    00000001     rts2800_fpu32_eabi.lib : startup.c.obj (.text)

MODULE SUMMARY

       Module                        code   ro data   rw data
       ------                        ----   -------   -------
    .\
       empty_driverlib_main.obj      1      0         0      
    +--+-----------------------------+------+---------+---------+
       Total:                        1      0         0      
                                                             
    .\device\
       f28004x_codestartbranch.obj   10     0         0      
    +--+-----------------------------+------+---------+---------+
       Total:                        10     0         0      
                                                             
    C:\ti\ccs1200\ccs\tools\compiler\ti-cgt-c2000_22.6.0.LTS\lib\rts2800_fpu32_eabi.lib
       exit.c.obj                    41     0         6      
       copy_decompress_lzss.c.obj    46     0         0      
       autoinit.c.obj                43     0         0      
       memcpy.c.obj                  29     0         0      
       boot28.asm.obj                23     0         0      
       _lock.c.obj                   9      0         4      
       args_main.c.obj               12     0         0      
       copy_decompress_none.c.obj    8      0         0      
       pre_init.c.obj                2      0         0      
       startup.c.obj                 1      0         0      
    +--+-----------------------------+------+---------+---------+
       Total:                        214    0         10     
                                                             
       Stack:                        0      0         1016   
       Linker Generated:             0      14        0      
    +--+-----------------------------+------+---------+---------+
       Grand Total:                  225    14        1026   


LINKER GENERATED COPY TABLES

__TI_cinit_table @ 0008100c records: 1, size/record: 4, table size: 4
	.data: load addr=00081000, load size=00000006 bytes, run addr=0000a800, run size=0000000a bytes, compression=lzss


LINKER GENERATED HANDLER TABLE

__TI_handler_table @ 00081006 records: 2, size/record: 2, table size: 4
	index: 0, handler: __TI_decompress_lzss
	index: 1, handler: __TI_decompress_none


GLOBAL DATA SYMBOLS: SORTED BY DATA PAGE

address     data page           name
--------    ----------------    ----
00000400      10 (00000400)     __stack

0000a800     2a0 (0000a800)     __TI_enable_exit_profile_output
0000a802     2a0 (0000a800)     __TI_cleanup_ptr
0000a804     2a0 (0000a800)     __TI_dtors_ptr
0000a806     2a0 (0000a800)     _lock
0000a808     2a0 (0000a800)     _unlock


GLOBAL SYMBOLS: SORTED ALPHABETICALLY BY Name 

page  address   name                           
----  -------   ----                           
0     00082059  C$$EXIT                        
0     00008000  RamfuncsLoadEnd                
abs   00000000  RamfuncsLoadSize               
0     00008000  RamfuncsLoadStart              
0     00008000  RamfuncsRunEnd                 
abs   00000000  RamfuncsRunSize                
0     00008000  RamfuncsRunStart               
0     0008100c  __TI_CINIT_Base                
0     00081010  __TI_CINIT_Limit               
0     00081010  __TI_CINIT_Warm                
0     00081006  __TI_Handler_Table_Base        
0     0008100a  __TI_Handler_Table_Limit       
1     000007f8  __TI_STACK_END                 
abs   000003f8  __TI_STACK_SIZE                
0     0008202e  __TI_auto_init_nobinit_nopinit 
1     0000a802  __TI_cleanup_ptr               
0     00082000  __TI_decompress_lzss           
0     000820cb  __TI_decompress_none           
1     0000a804  __TI_dtors_ptr                 
1     0000a800  __TI_enable_exit_profile_output
abs   ffffffff  __TI_pprof_out_hndl            
abs   ffffffff  __TI_prof_data_size            
abs   ffffffff  __TI_prof_data_start           
n/a   UNDEFED   __c_args__                     
1     00000400  __stack                        
0     000820b6  _args_main                     
0     0008209f  _c_int00                       
1     0000a806  _lock                          
0     000820ca  _nop                           
0     000820c6  _register_lock                 
0     000820c2  _register_unlock               
0     000820de  _system_post_cinit             
0     000820db  _system_pre_init               
1     0000a808  _unlock                        
0     00082059  abort                          
0     00080000  code_start                     
0     0008205b  exit                           
0     000820dd  main                           
0     00082082  memcpy                         


GLOBAL SYMBOLS: SORTED BY Symbol Address 

page  address   name                           
----  -------   ----                           
0     00008000  RamfuncsLoadEnd                
0     00008000  RamfuncsLoadStart              
0     00008000  RamfuncsRunEnd                 
0     00008000  RamfuncsRunStart               
0     00080000  code_start                     
0     00081006  __TI_Handler_Table_Base        
0     0008100a  __TI_Handler_Table_Limit       
0     0008100c  __TI_CINIT_Base                
0     00081010  __TI_CINIT_Limit               
0     00081010  __TI_CINIT_Warm                
0     00082000  __TI_decompress_lzss           
0     0008202e  __TI_auto_init_nobinit_nopinit 
0     00082059  C$$EXIT                        
0     00082059  abort                          
0     0008205b  exit                           
0     00082082  memcpy                         
0     0008209f  _c_int00                       
0     000820b6  _args_main                     
0     000820c2  _register_unlock               
0     000820c6  _register_lock                 
0     000820ca  _nop                           
0     000820cb  __TI_decompress_none           
0     000820db  _system_pre_init               
0     000820dd  main                           
0     000820de  _system_post_cinit             
1     00000400  __stack                        
1     000007f8  __TI_STACK_END                 
1     0000a800  __TI_enable_exit_profile_output
1     0000a802  __TI_cleanup_ptr               
1     0000a804  __TI_dtors_ptr                 
1     0000a806  _lock                          
1     0000a808  _unlock                        
abs   00000000  RamfuncsLoadSize               
abs   00000000  RamfuncsRunSize                
abs   000003f8  __TI_STACK_SIZE                
abs   ffffffff  __TI_pprof_out_hndl            
abs   ffffffff  __TI_prof_data_size            
abs   ffffffff  __TI_prof_data_start           
n/a   UNDEFED   __c_args__                     

[39 symbols]
